01-25 11:06:27.038 25607 25664 E msys    : E[N mns]_OnDiskCacheGetData(632)=>Start post callback cache refresh DNS resolution
01-25 11:06:27.048 25607 25664 E msys    : E[N mns]_OnSystemDNSSuccessCallback(340)=>Cache refresh succeeded with system DNS resolver. IP count: 2
01-25 11:06:27.064  1356  1377 E PackageManager: replace res.nonLocalizedLabel(null) to newName(மறுறை) and activity.getPackageName() () UId(1000)
01-25 11:06:27.101  1017  1032 E HeatmapThread: ECT Thread time in milliseconds: 1769319387
01-25 11:06:27.101  1017  1032 E HeatmapThread: !@Could not open '/efs/FactoryApp/bsoh', errno = 13
01-25 11:06:27.101  1017  1032 E HeatmapThread: !@ CAM Could not access BSOH EFS
01-25 11:06:27.101  1017  1032 E HeatmapThread: !@ CAM New BSOH: 0
01-25 11:06:27.125 16424 16424 E ng.android.lool: Not starting debugger since process cannot load the jdwp agent.
01-25 11:06:27.163  1028  1028 E SurfaceFlinger: alpha changed 1.000 -> 0.000 - Surface(name=Task=1)/@0x73d4068_transition-leash#217526
01-25 11:06:27.180  1028  1028 E SurfaceFlinger: alpha changed 0.000 -> 1.000 - Surface(name=Task=1)/@0x73d4068_transition-leash#217526
01-25 11:06:27.258 16424 16449 E ashmem  : Pinning is deprecated since Android Q. Please use trim or other methods.
01-25 11:06:27.264  1028  1028 E SurfaceFlinger: alpha changed 1.000 -> 0.000 - Surface(name=883574c InputMethod)/@0xa569caa - animation-leash of insets_animation#217529
01-25 11:06:27.345  1356  3167 E PackageManager: replace res.nonLocalizedLabel(null) to newName(மறுறை) and activity.getPackageName() () UId(1000)
01-25 11:06:27.358 16457 16457 E android.dqagent: Not starting debugger since process cannot load the jdwp agent.
01-25 11:06:27.392 16424 16456 E SmsApplication: com.google.android.apps.messaging lost android:read_cell_broadcasts:  (fixing)
01-25 11:06:27.473  1356  1763 E Pageboost: ioinfo read failed
01-25 11:06:27.476 16457 16457 E ashmem  : Pinning is deprecated since Android Q. Please use trim or other methods.
01-25 11:06:27.478 16475 16475 E oid.sm.provider: Not starting debugger since process cannot load the jdwp agent.
01-25 11:06:27.587 16475 16475 E ashmem  : Pinning is deprecated since Android Q. Please use trim or other methods.
01-25 11:06:27.624 25607 25665 E msys    : E[N WCIHTTPImplNetworkSession]WCIHTTPTaskImplCreateRegular(556)=>[I] http/task/regular/create/start
01-25 11:06:27.626 25607 25665 E msys    : E[N WCIHTTPImplNetworkSession]WCIHTTPTaskImplCreateRegular(591)=>[I] http/task/regular/create/execute
01-25 11:06:27.633 25607 25665 E msys    : E[N WCIHTTPImplNetworkSession]WCIHTTPTaskImplCreateRegular(614)=>[I] http/task/regular/create/success
01-25 11:06:27.771  2961 16502 E pageboostd: alp start : app comelvanrmdneram
01-25 11:06:27.771  2961 16502 E pageboostd: comelvanrmdneram, amt 1187840 scnt 1 fcnt 0
01-25 11:06:27.772  2961 16502 E pageboostd: comelvanrmdneram, amt 2834432 scnt 17 fcnt 19
01-25 11:06:27.772  2961 16502 E pageboostd: alp end : app comelvanrmdneram data_amount 4022272
01-25 11:06:27.831  1028  1028 E SurfaceFlinger: alpha changed 0.000 -> 0.000 - Surface(name=Task=2311)/@0x68a1126_transition-leash#217527
01-25 11:06:27.863  2961  2961 E pageboostd: Received HALT command code 2
01-25 11:06:27.886 25607 25980 E msys    : E[N data-request]_HandleDataResponse(1984)=>Data request error for task F3F15897-8568-47BE-9C78-83A13BC33138 (response type 1): javax.net.ssl.SSLHandshakeException: Certificate expired at Fri Jan 23 05:29:59 GMT+05:30 2026 (compared to Sun Jan 25 11:06:27 GMT+05:30 2026)
01-25 11:06:27.891 25607 25665 E msys    : E[N WCIHTTPImplNetworkSession]WCIHTTPTaskImplCreateRegular(556)=>[I] http/task/regular/create/start
01-25 11:06:27.892 25607 25665 E msys    : E[N WCIHTTPImplNetworkSession]WCIHTTPTaskImplCreateRegular(591)=>[I] http/task/regular/create/execute
01-25 11:06:27.893 25607 25665 E msys    : E[N WCIHTTPImplNetworkSession]WCIHTTPTaskImplCreateRegular(614)=>[I] http/task/regular/create/success
01-25 11:06:27.904  1028  1028 E BpTransactionCompletedListener: Failed to transact (-32)
01-25 11:06:27.982  1028  1028 E SurfaceFlinger: alpha changed 1.000 -> 0.000 - Surface(name=Task=2312)/@0x15c2c38_transition-leash#217539
01-25 11:06:27.999  1028  1028 E SurfaceFlinger: alpha changed 0.000 -> 1.000 - Surface(name=Task=2312)/@0x15c2c38_transition-leash#217539
01-25 11:06:28.100  1017  1032 E HeatmapThread: ECT Thread time in milliseconds: 1769319388
01-25 11:06:28.101  1017  1032 E HeatmapThread: !@Could not open '/efs/FactoryApp/bsoh', errno = 13
01-25 11:06:28.101  1017  1032 E HeatmapThread: !@ CAM Could not access BSOH EFS
01-25 11:06:28.101  1017  1032 E HeatmapThread: !@ CAM New BSOH: 0
01-25 11:06:28.105 25607 25980 E msys    : E[N data-request]_HandleDataResponse(1984)=>Data request error for task 3035BAF6-32AC-45D4-ADE2-3AACE7FFD9B3 (response type 1): javax.net.ssl.SSLHandshakeException: Certificate expired at Fri Jan 23 05:29:59 GMT+05:30 2026 (compared to Sun Jan 25 11:06:28 GMT+05:30 2026)
01-25 11:06:28.106 25607 25665 E msys    : E[N WCIHTTPImplNetworkSession]WCIHTTPTaskImplCreateRegular(556)=>[I] http/task/regular/create/start
01-25 11:06:28.106 25607 25665 E msys    : E[N WCIHTTPImplNetworkSession]WCIHTTPTaskImplCreateRegular(591)=>[I] http/task/regular/create/execute
01-25 11:06:28.111 25607 25665 E msys    : E[N WCIHTTPImplNetworkSession]WCIHTTPTaskImplCreateRegular(614)=>[I] http/task/regular/create/success
01-25 11:06:28.189  1356  3923 E PackageManager: replace res.nonLocalizedLabel(null) to newName(மறுறை) and activity.getPackageName() () UId(1000)
01-25 11:06:28.248 16424 16530 E SmsApplication: com.google.android.apps.messaging lost android:read_cell_broadcasts:  (fixing)
01-25 11:06:28.439  1356 16514 E VibratorManagerService: isAll0() is true
01-25 11:06:28.442 25607 25980 E msys    : E[N data-request]_HandleDataResponse(1984)=>Data request error for task 7C57A10C-B2C2-4A98-8B54-2645322F8A81 (response type 1): javax.net.ssl.SSLHandshakeException: Certificate expired at Fri Jan 23 05:29:59 GMT+05:30 2026 (compared to Sun Jan 25 11:06:28 GMT+05:30 2026)
01-25 11:06:28.445 25607 25665 E msys    : E[I wam]_WAMTransportPrivateLogUploadMessageWithDefaultLevel(55)=>privatestats/wameta/transport/buffer/send response failed, no more endpoints
01-25 11:06:28.446   612   619 E lowmemorykiller: process_mrelease 15636 failed: No such process
01-25 11:06:28.481   612   618 E lowmemorykiller: process_mrelease 15315 failed: No such process
01-25 11:06:28.548   612   619 E lowmemorykiller: process_mrelease 14215 failed: No such process
01-25 11:06:28.651  1028  1028 E SurfaceFlinger: alpha changed 0.000 -> 0.000 - Surface(name=Task=1)/@0x448e04d_transition-leash#217540
01-25 11:06:28.661   612   619 E lowmemorykiller: process_mrelease 16475 failed: No such process
01-25 11:06:28.700   612   618 E lowmemorykiller: process_mrelease 16457 failed: No such process
01-25 11:06:28.741   612   619 E lowmemorykiller: process_mrelease 16424 failed: No such process
01-25 11:06:29.004 16503 16503 E ashmem  : Pinning is deprecated since Android Q. Please use trim or other methods.
01-25 11:06:29.100  1017  1032 E HeatmapThread: ECT Thread time in milliseconds: 1769319389
01-25 11:06:29.100  1017  1032 E HeatmapThread: !@Could not open '/efs/FactoryApp/bsoh', errno = 13
01-25 11:06:29.100  1017  1032 E HeatmapThread: !@ CAM Could not access BSOH EFS
01-25 11:06:29.100  1017  1032 E HeatmapThread: !@ CAM New BSOH: 0
01-25 11:06:29.265 16503 16558 E .elvan.rmdneram: No package ID 6a found for resource ID 0x6a0b0013.
01-25 11:06:29.795 16585 16585 E gle.android.gms: Not starting debugger since process cannot load the jdwp agent.
01-25 11:06:30.100  1017  1032 E HeatmapThread: ECT Thread time in milliseconds: 1769319390
01-25 11:06:30.101  1017  1032 E HeatmapThread: !@Could not open '/efs/FactoryApp/bsoh', errno = 13
01-25 11:06:30.101  1017  1032 E HeatmapThread: !@ CAM Could not access BSOH EFS
01-25 11:06:30.101  1017  1032 E HeatmapThread: !@ CAM New BSOH: 0
01-25 11:06:30.154 16585 16628 E ashmem  : Pinning is deprecated since Android Q. Please use trim or other methods.
01-25 11:06:30.214  1356  1824 E ShortcutService: Invalid icon type in shortcut 118880567607419@lid. Bitmaps are not allowed in long-lived shortcuts. Use Resource icons, or Uri-based icons instead.
01-25 11:06:30.270 16634 16634 E ung.android.scs: Not starting debugger since process cannot load the jdwp agent.
01-25 11:06:30.446 16634 16658 E ashmem  : Pinning is deprecated since Android Q. Please use trim or other methods.
01-25 11:06:30.514  2961  2961 E pageboostd: Received HALT command code 2
01-25 11:06:30.655  1356  3921 E WindowManager: win=Window{f4d93f3 u0 com.sec.android.app.launcher/com.sec.android.app.launcher.activities.LauncherActivity} destroySurfaces: appStopped=true cleanupOnResume=false win.mWindowRemovalAllowed=false win.mRemoveOnExit=false win.mViewVisibility=8 caller=com.android.server.wm.ActivityRecord.destroySurfaces:25 com.android.server.wm.ActivityRecord.activityStopped:192 com.android.server.wm.ActivityClientController.activityStopped:97 android.app.IActivityClientController$Stub.onTransact:740 com.android.server.wm.ActivityClientController.onTransact:1 android.os.Binder.execTransactInternal:1462 android.os.Binder.execTransact:1401 
01-25 11:06:30.804  1028  1028 E SurfaceFlinger: alpha changed 1.000 -> 0.000 - Surface(name=883574c InputMethod)/@0xa569caa - animation-leash of insets_animation#217546
01-25 11:06:31.077   612   619 E lowmemorykiller: process_mrelease 15195 failed: No such process
01-25 11:06:31.100  1017  1032 E HeatmapThread: ECT Thread time in milliseconds: 1769319391
01-25 11:06:31.101  1017  1032 E HeatmapThread: !@Could not open '/efs/FactoryApp/bsoh', errno = 13
01-25 11:06:31.101  1017  1032 E HeatmapThread: !@ CAM Could not access BSOH EFS
01-25 11:06:31.101  1017  1032 E HeatmapThread: !@ CAM New BSOH: 0
01-25 11:06:31.107  1356  1378 E AppOps  : Bad call made by uid 1000. Package "com.google.android.googlequicksearchbox" does not belong to uid 1000.
01-25 11:06:31.422  1028  1028 E SurfaceFlinger: alpha changed 1.000 -> 0.000 - Surface(name=a6269b1 com.elvan.rmdneram/com.elvan.rmdneram.MainActivity)/@0xda5dba9 - animation-leash of window_animation#217551
01-25 11:06:31.422  1028  1028 E SurfaceFlinger: alpha changed 0.000 -> 0.000 - Surface(name=a6269b1 com.elvan.rmdneram/com.elvan.rmdneram.MainActivity)/@0xda5dba9 - animation-leash of window_animation#217551
01-25 11:06:31.422  1028  1028 E SurfaceFlinger: alpha changed 1.000 -> 0.000 - Dim Layer for - Task=2312#217552
01-25 11:06:31.439  1028  1028 E SurfaceFlinger: alpha changed 0.000 -> 0.083 - Surface(name=a6269b1 com.elvan.rmdneram/com.elvan.rmdneram.MainActivity)/@0xda5dba9 - animation-leash of window_animation#217551
01-25 11:06:31.455  1028  1028 E SurfaceFlinger: alpha changed 0.000 -> 0.046 - Dim Layer for - Task=2312#217552
01-25 11:06:31.489  1028  1028 E SurfaceFlinger: alpha changed 1.000 -> 0.000 - Surface(name=883574c InputMethod)/@0xa569caa - animation-leash of insets_animation#217553
01-25 11:06:31.594 16702 16702 E .provider.badge: Not starting debugger since process cannot load the jdwp agent.
01-25 11:06:31.671  1762  1762 E SatelliteController: registerForSatelliteModemStateChanged: mSatelliteSessionController is not initialized yet
01-25 11:06:31.727  1762  1762 E SatelliteController: registerForSatelliteModemStateChanged: mSatelliteSessionController is not initialized yet
01-25 11:06:31.758  1762  2099 E SatelliteController: notifyNtnEligibility: mSatellitePhone is null
01-25 11:06:31.896 16702 16727 E ashmem  : Pinning is deprecated since Android Q. Please use trim or other methods.
01-25 11:06:32.008  1356  1824 E PackageManager: replace res.nonLocalizedLabel(null) to newName(மறுறை) and activity.getPackageName() () UId(1000)
01-25 11:06:32.044 16730 16730 E oadcastreceiver: Not starting debugger since process cannot load the jdwp agent.
01-25 11:06:32.079 16740 16740 E .provider.badge: Not starting debugger since process cannot load the jdwp agent.
01-25 11:06:32.072  1356  4221 E TaskPersister: File error accessing recents directory (directory doesn't exist?).
01-25 11:06:32.089  1356  4221 E TaskPersister: File error accessing recents directory (directory doesn't exist?).
01-25 11:06:32.089  1356  4221 E TaskPersister: File error accessing recents directory (directory doesn't exist?).
01-25 11:06:32.089  1356  4221 E TaskPersister: File error accessing recents directory (directory doesn't exist?).
01-25 11:06:32.100  1017  1032 E HeatmapThread: ECT Thread time in milliseconds: 1769319392
01-25 11:06:32.101  1017  1032 E HeatmapThread: !@Could not open '/efs/FactoryApp/bsoh', errno = 13
01-25 11:06:32.101  1017  1032 E HeatmapThread: !@ CAM Could not access BSOH EFS
01-25 11:06:32.101  1017  1032 E HeatmapThread: !@ CAM New BSOH: 0
01-25 11:06:32.126  1356  1392 E WindowManager: win=Window{a6269b1 u0 com.elvan.rmdneram/com.elvan.rmdneram.MainActivity EXITING} destroySurfaces: appStopped=false cleanupOnResume=false win.mWindowRemovalAllowed=true win.mRemoveOnExit=true win.mViewVisibility=0 caller=com.android.server.wm.WindowState.onExitAnimationDone:224 com.android.server.wm.WindowState.onAnimationFinished:161 com.android.server.wm.WindowContainer$$ExternalSyntheticLambda8.onAnimationFinished:3 com.android.server.wm.SurfaceAnimator$$ExternalSyntheticLambda0.onAnimationFinished:69 com.android.server.wm.LocalAnimationAdapter$$ExternalSyntheticLambda0.run:10 android.os.Handler.handleCallback:995 android.os.Handler.dispatchMessage:103 
01-25 11:06:32.140  1028  1028 E SurfaceFlinger: alpha changed 0.146 -> 0.000 - Surface(name=a6269b1 com.elvan.rmdneram/com.elvan.rmdneram.MainActivity)/@0xda5dba9 - animation-leash of window_animation#217554
01-25 11:06:32.158  1028  1028 E SurfaceFlinger: alpha changed 1.000 -> 0.000 - Surface(name=883574c InputMethod)/@0xa569caa - animation-leash of insets_animation#217557
01-25 11:06:32.174  1028  1028 E SurfaceFlinger: alpha changed 0.064 -> 0.000 - Dim Layer for - Task=2312#217552
01-25 11:06:32.220 16740 16763 E ashmem  : Pinning is deprecated since Android Q. Please use trim or other methods.
01-25 11:06:32.224 16730 16767 E ashmem  : Pinning is deprecated since Android Q. Please use trim or other methods.
01-25 11:06:32.370 16770 16770 E .provider.badge: Not starting debugger since process cannot load the jdwp agent.
01-25 11:06:32.441  1028  1028 E SurfaceFlinger: alpha changed 1.000 -> 0.000 - Surface(name=883574c InputMethod)/@0xa569caa - animation-leash of insets_animation#217558
01-25 11:06:32.590 16770 16796 E ashmem  : Pinning is deprecated since Android Q. Please use trim or other methods.
01-25 11:06:32.628 16729 16801 E ashmem  : Pinning is deprecated since Android Q. Please use trim or other methods.
01-25 11:06:32.827 30889  8874 E IPCThreadState: Process seems to be sending too many oneway calls.
01-25 11:06:32.973  1762  1773 E SatelliteController: notifyNtnEligibility: mSatellitePhone is null
01-25 11:06:32.979 30889  8874 E oneway spamming:   #00 pc 000000000007acf0  /system/lib64/libbinder.so (android::BpBinder::transact(unsigned int, android::Parcel const&, android::Parcel*, unsigned int)+432) (BuildId: 0ca6a05641d41b3585d09f36f3e3f755)
01-25 11:06:32.980 30889  8874 E oneway spamming:   #01 pc 00000000001e9284  /system/lib64/libandroid_runtime.so (android_os_BinderProxy_transact(_JNIEnv*, _jobject*, int, _jobject*, _jobject*, int)+152) (BuildId: f033a49a6ff18f5732a4017715cd0a4a)
01-25 11:06:32.980 30889  8874 E oneway spamming:   #02 pc 0000000000ddd04c  /data/misc/apexdata/com.android.art/dalvik-cache/arm64/boot.oat (art_jni_trampoline+140)
01-25 11:06:32.980 30889  8874 E oneway spamming:   #03 pc 00000000009463c8  /data/misc/apexdata/com.android.art/dalvik-cache/arm64/boot.oat (android.os.BinderProxy.transact+3464)
01-25 11:06:32.980 30889  8874 E oneway spamming:   #04 pc 00000000019edd0c  /data/app/~~h0_EknfAzw0eZQRM-R9yGw==/com.google.android.gms-1eJsgnIYUOqX3L2amtWpGQ==/oat/arm64/base.odex (eosx.g+476)
01-25 11:06:32.980 30889  8874 E oneway spamming:   #05 pc 0000000000b7e878  /data/app/~~h0_EknfAzw0eZQRM-R9yGw==/com.google.android.gms-1eJsgnIYUOqX3L2amtWpGQ==/oat/arm64/base.odex (eoud.i+152)
01-25 11:06:32.980 30889  8874 E oneway spamming:   #06 pc 0000000000b7396c  /data/app/~~h0_EknfAzw0eZQRM-R9yGw==/com.google.android.gms-1eJsgnIYUOqX3L2amtWpGQ==/oat/arm64/base.odex (eotm.h+396)
01-25 11:06:32.980 30889  8874 E oneway spamming:   #07 pc 0000000000b736e4  /data/app/~~h0_EknfAzw0eZQRM-R9yGw==/com.google.android.gms-1eJsgnIYUOqX3L2amtWpGQ==/oat/arm64/base.odex (eotm.f+292)
01-25 11:06:32.980 30889  8874 E oneway spamming:   #08 pc 0000000000992bf4  /data/app/~~h0_EknfAzw0eZQRM-R9yGw==/com.google.android.gms-1eJsgnIYUOqX3L2amtWpGQ==/oat/arm64/base.odex (cozj.fB+52)
01-25 11:06:32.980 30889  8874 E oneway spamming:   #09 pc 0000000000aa72fc  /data/app/~~h0_EknfAzw0eZQRM-R9yGw==/com.google.android.gms-1eJsgnIYUOqX3L2amtWpGQ==/oat/arm64/base.odex (cozn.run+1692)
01-25 11:06:32.980 30889  8874 E oneway spamming:   #10 pc 0000000000c27fe0  /data/app/~~h0_EknfAzw0eZQRM-R9yGw==/com.google.android.gms-1eJsgnIYUOqX3L2amtWpGQ==/oat/arm64/base.odex (gldx.run+912)
01-25 11:06:32.980 30889  8874 E oneway spamming:   #11 pc 0000000000a139fc  /data/app/~~h0_EknfAzw0eZQRM-R9yGw==/com.google.android.gms-1eJsgnIYUOqX3L2amtWpGQ==/oat/arm64/base.odex (bdxq.c+252)
01-25 11:06:32.980 30889  8874 E oneway spamming:   #12 pc 0000000000a143f4  /data/app/~~h0_EknfAzw0eZQRM-R9yGw==/com.google.android.gms-1eJsgnIYUOqX3L2amtWpGQ==/oat/arm64/base.odex (bdxq.run+1748)
01-25 11:06:32.980 30889  8874 E oneway spamming:   #13 pc 00000000004b8d24  /data/misc/apexdata/com.android.art/dalvik-cache/arm64/boot.oat (java.util.concurrent.ThreadPoolExecutor.runWorker+676)
01-25 11:06:32.980 30889  8874 E oneway spamming:   #14 pc 00000000004bccc8  /data/misc/apexdata/com.android.art/dalvik-cache/arm64/boot.oat (java.util.concurrent.ThreadPoolExecutor$Worker.run+56)
01-25 11:06:32.980 30889  8874 E oneway spamming:   #15 pc 00000000015000a0  /data/app/~~h0_EknfAzw0eZQRM-R9yGw==/com.google.android.gms-1eJsgnIYUOqX3L2amtWpGQ==/oat/arm64/base.odex (bedh.run+80)
01-25 11:06:32.980 30889  8874 E oneway spamming:   #16 pc 000000000034d500  /data/misc/apexdata/com.android.art/dalvik-cache/arm64/boot.oat (java.lang.Thread.run+64)
01-25 11:06:32.980 30889  8874 E oneway spamming:   #17 pc 0000000000317194  /apex/com.android.art/lib64/libart.so (art_quick_invoke_stub+612) (BuildId: eb4ec0f1d1c7267591d83fa87cb36390)
01-25 11:06:32.980 30889  8874 E oneway spamming:   #18 pc 0000000000302838  /apex/com.android.art/lib64/libart.so (art::ArtMethod::Invoke(art::Thread*, unsigned int*, unsigned int, art::JValue*, char const*)+216) (BuildId: eb4ec0f1d1c7267591d83fa87cb36390)
01-25 11:06:32.980 30889  8874 E oneway spamming:   #19 pc 00000000004c8298  /apex/com.android.art/lib64/libart.so (art::Thread::CreateCallback(void*)+932) (BuildId: eb4ec0f1d1c7267591d83fa87cb36390)
01-25 11:06:32.980 30889  8874 E oneway spamming:   #20 pc 00000000004c7ee4  /apex/com.android.art/lib64/libart.so (art::Thread::CreateCallbackWithUffdGc(void*)+8) (BuildId: eb4ec0f1d1c7267591d83fa87cb36390)
01-25 11:06:32.980 30889  8874 E oneway spamming:   #21 pc 000000000007e8ac  /apex/com.android.runtime/lib64/bionic/libc.so (__pthread_start(void*)+232) (BuildId: fa6ae44f4b2b6a34abebf1b3983cbf88)
01-25 11:06:32.980 30889  8874 E oneway spamming:   #22 pc 0000000000071bdc  /apex/com.android.runtime/lib64/bionic/libc.so (__start_thread+64) (BuildId: fa6ae44f4b2b6a34abebf1b3983cbf88)
01-25 11:06:33.100  1017  1032 E HeatmapThread: ECT Thread time in milliseconds: 1769319393
01-25 11:06:33.101  1017  1032 E HeatmapThread: !@Could not open '/efs/FactoryApp/bsoh', errno = 13
01-25 11:06:33.101  1017  1032 E HeatmapThread: !@ CAM Could not access BSOH EFS
01-25 11:06:33.101  1017  1032 E HeatmapThread: !@ CAM New BSOH: 0
01-25 11:06:33.178   612   619 E lowmemorykiller: process_mrelease 16730 failed: No such process
01-25 11:06:33.753 16503 16503 E AndroidRuntime: FATAL EXCEPTION: main
01-25 11:06:33.753 16503 16503 E AndroidRuntime: Process: com.elvan.rmdneram, PID: 16503
01-25 11:06:33.753 16503 16503 E AndroidRuntime: com.google.firebase.database.DatabaseException: Failed to convert value of type java.lang.Long to String
01-25 11:06:33.753 16503 16503 E AndroidRuntime: 	at com.google.firebase.database.core.utilities.encoding.CustomClassMapper.convertString(CustomClassMapper.java:426)
01-25 11:06:33.753 16503 16503 E AndroidRuntime: 	at com.google.firebase.database.core.utilities.encoding.CustomClassMapper.deserializeToClass(CustomClassMapper.java:217)
01-25 11:06:33.753 16503 16503 E AndroidRuntime: 	at com.google.firebase.database.core.utilities.encoding.CustomClassMapper.convertToCustomClass(CustomClassMapper.java:80)
01-25 11:06:33.753 16503 16503 E AndroidRuntime: 	at com.google.firebase.database.DataSnapshot.getValue(DataSnapshot.java:202)
01-25 11:06:33.753 16503 16503 E AndroidRuntime: 	at com.elvan.rmdneram.ui.profile.ProfileScreenKt$ProfileScreen$3$1$1$1.onDataChange(ProfileScreen.kt:112)
01-25 11:06:33.753 16503 16503 E AndroidRuntime: 	at com.google.firebase.database.core.ValueEventRegistration.fireEvent(ValueEventRegistration.java:75)
01-25 11:06:33.753 16503 16503 E AndroidRuntime: 	at com.google.firebase.database.core.view.DataEvent.fire(DataEvent.java:63)
01-25 11:06:33.753 16503 16503 E AndroidRuntime: 	at com.google.firebase.database.core.view.EventRaiser$1.run(EventRaiser.java:55)
01-25 11:06:33.753 16503 16503 E AndroidRuntime: 	at android.os.Handler.handleCallback(Handler.java:995)
01-25 11:06:33.753 16503 16503 E AndroidRuntime: 	at android.os.Handler.dispatchMessage(Handler.java:103)
01-25 11:06:33.753 16503 16503 E AndroidRuntime: 	at android.os.Looper.loopOnce(Looper.java:273)
01-25 11:06:33.753 16503 16503 E AndroidRuntime: 	at android.os.Looper.loop(Looper.java:363)
01-25 11:06:33.753 16503 16503 E AndroidRuntime: 	at android.app.ActivityThread.main(ActivityThread.java:10060)
01-25 11:06:33.753 16503 16503 E AndroidRuntime: 	at java.lang.reflect.Method.invoke(Native Method)
01-25 11:06:33.753 16503 16503 E AndroidRuntime: 	at com.android.internal.os.RuntimeInit$MethodAndArgsCaller.run(RuntimeInit.java:632)
01-25 11:06:33.753 16503 16503 E AndroidRuntime: 	at com.android.internal.os.ZygoteInit.main(ZygoteInit.java:975)
01-25 11:06:33.960  1356  2022 E PackageManager: replace res.nonLocalizedLabel(null) to newName(மறுறை) and activity.getPackageName() () UId(1000)
01-25 11:06:34.028  1028  1028 E SurfaceFlinger: alpha changed 1.000 -> 0.000 - Surface(name=Task=1)/@0xe8292fd_transition-leash#217563
01-25 11:06:34.034 16826 16826 E chbox:googleapp: Not starting debugger since process cannot load the jdwp agent.
01-25 11:06:34.044  1028  1028 E SurfaceFlinger: alpha changed 0.000 -> 1.000 - Surface(name=Task=1)/@0xe8292fd_transition-leash#217563
01-25 11:06:34.100  1017  1032 E HeatmapThread: ECT Thread time in milliseconds: 1769319394
01-25 11:06:34.100  1017  1032 E HeatmapThread: !@Could not open '/efs/FactoryApp/bsoh', errno = 13
01-25 11:06:34.101  1017  1032 E HeatmapThread: !@ CAM Could not access BSOH EFS
01-25 11:06:34.101  1017  1032 E HeatmapThread: !@ CAM New BSOH: 0
01-25 11:06:34.111  1028  1028 E SurfaceFlinger: alpha changed 1.000 -> 0.000 - Surface(name=883574c InputMethod)/@0xa569caa - animation-leash of insets_animation#217566
01-25 11:06:34.265 16826 16854 E ashmem  : Pinning is deprecated since Android Q. Please use trim or other methods.
01-25 11:06:34.411 16869 16869 E id.gms.unstable: Not starting debugger since process cannot load the jdwp agent.
01-25 11:06:34.610 16869 16878 E ashmem  : Pinning is deprecated since Android Q. Please use trim or other methods.
01-25 11:06:34.698  1028  1028 E SurfaceFlinger: alpha changed 0.000 -> 0.000 - Surface(name=Task=2312)/@0x1f09243_transition-leash#217564
01-25 11:06:34.754  1028  1028 E BpTransactionCompletedListener: Failed to transact (-32)
01-25 11:06:34.778  2961 16908 E pageboostd: alp start : app comelvanrmdneram
01-25 11:06:34.778  2961 16908 E pageboostd: comelvanrmdneram, amt 1187840 scnt 1 fcnt 0
01-25 11:06:34.779  2961 16908 E pageboostd: comelvanrmdneram, amt 2834432 scnt 17 fcnt 19
01-25 11:06:34.779  2961 16908 E pageboostd: alp end : app comelvanrmdneram data_amount 4022272
01-25 11:06:34.852  2961  2961 E pageboostd: Received HALT command code 2
01-25 11:06:34.930  1028  1028 E SurfaceFlinger: alpha changed 1.000 -> 0.000 - Surface(name=Task=2313)/@0xb5f66d7_transition-leash#217573
01-25 11:06:34.980  1028  1028 E SurfaceFlinger: alpha changed 0.000 -> 0.911 - Surface(name=Task=2313)/@0xb5f66d7_transition-leash#217573
01-25 11:06:35.100  1017  1032 E HeatmapThread: ECT Thread time in milliseconds: 1769319395
01-25 11:06:35.101  1017  1032 E HeatmapThread: !@Could not open '/efs/FactoryApp/bsoh', errno = 13
01-25 11:06:35.101  1017  1032 E HeatmapThread: !@ CAM Could not access BSOH EFS
01-25 11:06:35.101  1017  1032 E HeatmapThread: !@ CAM New BSOH: 0
01-25 11:06:35.274   674   674 E keystore2: system/security/keystore2/src/error.rs:185 - Rc(r#KEY_NOT_FOUND), "system/security/keystore2/src/service.rs:178: In get_key_entry, while trying to load key info. 10245, Some(\"unstable.c7202ece89390c490b1b94d5b71225e1.B8355801780792133156\")"
01-25 11:06:35.275   674   674 E keystore2: system/security/keystore2/src/error.rs:185 - Rc(r#KEY_NOT_FOUND), "system/security/keystore2/src/service.rs:178: In get_key_entry, while trying to load key info. 10245, Some(\"unstable.c7202ece89390c490b1b94d5b71225e1.A8355801780792133156\")"
01-25 11:06:35.293   675   675 E keymint_tee: [[31mERR[0m]Unexpected title ignore.. title: TEE
01-25 11:06:35.376   674   674 E keystore2: system/security/keystore2/src/error.rs:185 - Rc(r#KEY_NOT_FOUND), "system/security/keystore2/src/service.rs:401: In delete_key: Trying to unbind the key. 10245, Some(\"unstable.c7202ece89390c490b1b94d5b71225e1.B8355801780792133156\")"
01-25 11:06:35.729 16910 16910 E ashmem  : Pinning is deprecated since Android Q. Please use trim or other methods.
01-25 11:06:36.100  1017  1032 E HeatmapThread: ECT Thread time in milliseconds: 1769319396
01-25 11:06:36.101  1017  1032 E HeatmapThread: !@Could not open '/efs/FactoryApp/bsoh', errno = 13
01-25 11:06:36.101  1017  1032 E HeatmapThread: !@ CAM Could not access BSOH EFS
01-25 11:06:36.101  1017  1032 E HeatmapThread: !@ CAM New BSOH: 0
01-25 11:06:36.160 16910 16967 E .elvan.rmdneram: No package ID 6a found for resource ID 0x6a0b0013.
01-25 11:06:36.868  2961  2961 E pageboostd: Received HALT command code 2
01-25 11:06:37.017  1356  3172 E WindowManager: win=Window{f4d93f3 u0 com.sec.android.app.launcher/com.sec.android.app.launcher.activities.LauncherActivity} destroySurfaces: appStopped=true cleanupOnResume=false win.mWindowRemovalAllowed=false win.mRemoveOnExit=false win.mViewVisibility=8 caller=com.android.server.wm.ActivityRecord.destroySurfaces:25 com.android.server.wm.ActivityRecord.activityStopped:192 com.android.server.wm.ActivityClientController.activityStopped:97 android.app.IActivityClientController$Stub.onTransact:740 com.android.server.wm.ActivityClientController.onTransact:1 android.os.Binder.execTransactInternal:1462 android.os.Binder.execTransact:1401 
01-25 11:06:37.034  1028  1028 E SurfaceFlinger: alpha changed 1.000 -> 0.000 - Surface(name=883574c InputMethod)/@0xa569caa - animation-leash of insets_animation#217583
01-25 11:06:37.100  1017  1032 E HeatmapThread: ECT Thread time in milliseconds: 1769319397
01-25 11:06:37.101  1017  1032 E HeatmapThread: !@Could not open '/efs/FactoryApp/bsoh', errno = 13
01-25 11:06:37.101  1017  1032 E HeatmapThread: !@ CAM Could not access BSOH EFS
01-25 11:06:37.101  1017  1032 E HeatmapThread: !@ CAM New BSOH: 0
01-25 11:06:37.267  6805 17040 E AtomicFile: Failed to rename /data/user_de/0/com.samsung.android.honeyboard/files/selected.json.new to /data/user_de/0/com.samsung.android.honeyboard/files/selected.json
01-25 11:06:37.885  1028  1028 E SurfaceFlinger: alpha changed 1.000 -> 0.000 - Surface(name=efbdc10 com.elvan.rmdneram/com.elvan.rmdneram.MainActivity)/@0xba9ca41 - animation-leash of window_animation#217588
01-25 11:06:37.885  1028  1028 E SurfaceFlinger: alpha changed 0.000 -> 0.000 - Surface(name=efbdc10 com.elvan.rmdneram/com.elvan.rmdneram.MainActivity)/@0xba9ca41 - animation-leash of window_animation#217588
01-25 11:06:37.885  1028  1028 E SurfaceFlinger: alpha changed 1.000 -> 0.000 - Dim Layer for - Task=2313#217589
01-25 11:06:37.902  1028  1028 E SurfaceFlinger: alpha changed 0.000 -> 0.071 - Surface(name=efbdc10 com.elvan.rmdneram/com.elvan.rmdneram.MainActivity)/@0xba9ca41 - animation-leash of window_animation#217588
01-25 11:06:37.918  1028  1028 E SurfaceFlinger: alpha changed 0.000 -> 0.046 - Dim Layer for - Task=2313#217589
01-25 11:06:37.952  1028  1028 E SurfaceFlinger: alpha changed 1.000 -> 0.000 - Surface(name=883574c InputMethod)/@0xa569caa - animation-leash of insets_animation#217590
01-25 11:06:38.101  1017  1032 E HeatmapThread: ECT Thread time in milliseconds: 1769319398
01-25 11:06:38.101  1017  1032 E HeatmapThread: !@Could not open '/efs/FactoryApp/bsoh', errno = 13
01-25 11:06:38.101  1017  1032 E HeatmapThread: !@ CAM Could not access BSOH EFS
01-25 11:06:38.101  1017  1032 E HeatmapThread: !@ CAM New BSOH: 0
01-25 11:06:38.589  1356  1392 E WindowManager: win=Window{efbdc10 u0 com.elvan.rmdneram/com.elvan.rmdneram.MainActivity EXITING} destroySurfaces: appStopped=false cleanupOnResume=false win.mWindowRemovalAllowed=true win.mRemoveOnExit=true win.mViewVisibility=0 caller=com.android.server.wm.WindowState.onExitAnimationDone:224 com.android.server.wm.WindowState.onAnimationFinished:161 com.android.server.wm.WindowContainer$$ExternalSyntheticLambda8.onAnimationFinished:3 com.android.server.wm.SurfaceAnimator$$ExternalSyntheticLambda0.onAnimationFinished:69 com.android.server.wm.LocalAnimationAdapter$$ExternalSyntheticLambda0.run:10 android.os.Handler.handleCallback:995 android.os.Handler.dispatchMessage:103 
01-25 11:06:38.603  1028  1028 E SurfaceFlinger: alpha changed 0.146 -> 0.000 - Surface(name=efbdc10 com.elvan.rmdneram/com.elvan.rmdneram.MainActivity)/@0xba9ca41 - animation-leash of window_animation#217591
01-25 11:06:38.620  1028  1028 E SurfaceFlinger: alpha changed 1.000 -> 0.000 - Surface(name=883574c InputMethod)/@0xa569caa - animation-leash of insets_animation#217594
01-25 11:06:38.687  1028  1028 E SurfaceFlinger: alpha changed 0.064 -> 0.000 - Dim Layer for - Task=2313#217589
01-25 11:06:38.719  1356  4221 E TaskPersister: File error accessing recents directory (directory doesn't exist?).
01-25 11:06:38.720  1356  4221 E TaskPersister: File error accessing recents directory (directory doesn't exist?).
01-25 11:06:38.720  1356  4221 E TaskPersister: File error accessing recents directory (directory doesn't exist?).
01-25 11:06:38.720  1356  4221 E TaskPersister: File error accessing recents directory (directory doesn't exist?).
01-25 11:06:39.021  1028  1028 E SurfaceFlinger: alpha changed 1.000 -> 0.000 - Surface(name=883574c InputMethod)/@0xa569caa - animation-leash of insets_animation#217595
01-25 11:06:39.100  1017  1032 E HeatmapThread: ECT Thread time in milliseconds: 1769319399
01-25 11:06:39.101  1017  1032 E HeatmapThread: !@Could not open '/efs/FactoryApp/bsoh', errno = 13
01-25 11:06:39.101  1017  1032 E HeatmapThread: !@ CAM Could not access BSOH EFS
01-25 11:06:39.101  1017  1032 E HeatmapThread: !@ CAM New BSOH: 0
01-25 11:06:39.904 16910 16910 E AndroidRuntime: FATAL EXCEPTION: main
01-25 11:06:39.904 16910 16910 E AndroidRuntime: Process: com.elvan.rmdneram, PID: 16910
01-25 11:06:39.904 16910 16910 E AndroidRuntime: com.google.firebase.database.DatabaseException: Failed to convert value of type java.lang.Long to String
01-25 11:06:39.904 16910 16910 E AndroidRuntime: 	at com.google.firebase.database.core.utilities.encoding.CustomClassMapper.convertString(CustomClassMapper.java:426)
01-25 11:06:39.904 16910 16910 E AndroidRuntime: 	at com.google.firebase.database.core.utilities.encoding.CustomClassMapper.deserializeToClass(CustomClassMapper.java:217)
01-25 11:06:39.904 16910 16910 E AndroidRuntime: 	at com.google.firebase.database.core.utilities.encoding.CustomClassMapper.convertToCustomClass(CustomClassMapper.java:80)
01-25 11:06:39.904 16910 16910 E AndroidRuntime: 	at com.google.firebase.database.DataSnapshot.getValue(DataSnapshot.java:202)
01-25 11:06:39.904 16910 16910 E AndroidRuntime: 	at com.elvan.rmdneram.ui.profile.ProfileScreenKt$ProfileScreen$3$1$1$1.onDataChange(ProfileScreen.kt:112)
01-25 11:06:39.904 16910 16910 E AndroidRuntime: 	at com.google.firebase.database.core.ValueEventRegistration.fireEvent(ValueEventRegistration.java:75)
01-25 11:06:39.904 16910 16910 E AndroidRuntime: 	at com.google.firebase.database.core.view.DataEvent.fire(DataEvent.java:63)
01-25 11:06:39.904 16910 16910 E AndroidRuntime: 	at com.google.firebase.database.core.view.EventRaiser$1.run(EventRaiser.java:55)
01-25 11:06:39.904 16910 16910 E AndroidRuntime: 	at android.os.Handler.handleCallback(Handler.java:995)
01-25 11:06:39.904 16910 16910 E AndroidRuntime: 	at android.os.Handler.dispatchMessage(Handler.java:103)
01-25 11:06:39.904 16910 16910 E AndroidRuntime: 	at android.os.Looper.loopOnce(Looper.java:273)
01-25 11:06:39.904 16910 16910 E AndroidRuntime: 	at android.os.Looper.loop(Looper.java:363)
01-25 11:06:39.904 16910 16910 E AndroidRuntime: 	at android.app.ActivityThread.main(ActivityThread.java:10060)
01-25 11:06:39.904 16910 16910 E AndroidRuntime: 	at java.lang.reflect.Method.invoke(Native Method)
01-25 11:06:39.904 16910 16910 E AndroidRuntime: 	at com.android.internal.os.RuntimeInit$MethodAndArgsCaller.run(RuntimeInit.java:632)
01-25 11:06:39.904 16910 16910 E AndroidRuntime: 	at com.android.internal.os.ZygoteInit.main(ZygoteInit.java:975)
01-25 11:06:39.966  1356  1517 E InputDispatcher: channel 'cb51ab4 com.elvan.rmdneram/com.elvan.rmdneram.MainActivity' ~ Channel is unrecoverably broken and will be disposed!
01-25 11:06:40.016  1356  1377 E PackageManager: replace res.nonLocalizedLabel(null) to newName(மறுறை) and activity.getPackageName() () UId(1000)
01-25 11:06:40.090  1028  1028 E SurfaceFlinger: alpha changed 1.000 -> 0.000 - Surface(name=Task=1)/@0x2770d23_transition-leash#217600
01-25 11:06:40.100  1017  1032 E HeatmapThread: ECT Thread time in milliseconds: 1769319400
01-25 11:06:40.100  1017  1032 E HeatmapThread: !@Could not open '/efs/FactoryApp/bsoh', errno = 13
01-25 11:06:40.100  1017  1032 E HeatmapThread: !@ CAM Could not access BSOH EFS
01-25 11:06:40.100  1017  1032 E HeatmapThread: !@ CAM New BSOH: 0
01-25 11:06:40.107  1028  1028 E SurfaceFlinger: alpha changed 0.000 -> 1.000 - Surface(name=Task=1)/@0x2770d23_transition-leash#217600
01-25 11:06:40.157  1028  1028 E SurfaceFlinger: alpha changed 1.000 -> 0.000 - Surface(name=883574c InputMethod)/@0xa569caa - animation-leash of insets_animation#217603
01-25 11:06:40.208  6805 17084 E AtomicFile: Failed to rename /data/user_de/0/com.samsung.android.honeyboard/files/selected.json.new to /data/user_de/0/com.samsung.android.honeyboard/files/selected.json
01-25 11:06:40.758  1028  1028 E SurfaceFlinger: alpha changed 0.000 -> 0.000 - Surface(name=Task=2313)/@0xabd87d9_transition-leash#217601
01-25 11:06:40.811  1028  1028 E BpTransactionCompletedListener: Failed to transact (-32)
01-25 11:06:41.100  1017  1032 E HeatmapThread: ECT Thread time in milliseconds: 1769319401
01-25 11:06:41.101  1017  1032 E HeatmapThread: !@Could not open '/efs/FactoryApp/bsoh', errno = 13
01-25 11:06:41.101  1017  1032 E HeatmapThread: !@ CAM Could not access BSOH EFS
01-25 11:06:41.101  1017  1032 E HeatmapThread: !@ CAM New BSOH: 0
01-25 11:06:42.100  1017  1032 E HeatmapThread: ECT Thread time in milliseconds: 1769319402
01-25 11:06:42.101  1017  1032 E HeatmapThread: !@Could not open '/efs/FactoryApp/bsoh', errno = 13
01-25 11:06:42.101  1017  1032 E HeatmapThread: !@ CAM Could not access BSOH EFS
01-25 11:06:42.101  1017  1032 E HeatmapThread: !@ CAM New BSOH: 0
01-25 11:06:42.394  1762  1762 E SatelliteController: registerForSatelliteModemStateChanged: mSatelliteSessionController is not initialized yet
01-25 11:06:42.398  1762  1762 E SatelliteController: registerForSatelliteModemStateChanged: mSatelliteSessionController is not initialized yet
01-25 11:06:42.406  1762  2099 E SatelliteController: notifyNtnEligibility: mSatellitePhone is null
01-25 11:06:42.481 17098 17098 E oadcastreceiver: Not starting debugger since process cannot load the jdwp agent.
01-25 11:06:42.545 17098 17110 E ashmem  : Pinning is deprecated since Android Q. Please use trim or other methods.
01-25 11:06:43.100  1017  1032 E HeatmapThread: ECT Thread time in milliseconds: 1769319403
01-25 11:06:43.101  1017  1032 E HeatmapThread: !@Could not open '/efs/FactoryApp/bsoh', errno = 13
01-25 11:06:43.101  1017  1032 E HeatmapThread: !@ CAM Could not access BSOH EFS
01-25 11:06:43.101  1017  1032 E HeatmapThread: !@ CAM New BSOH: 0
01-25 11:06:43.782  1356  4221 E TaskPersister: File error accessing recents directory (directory doesn't exist?).
01-25 11:06:43.783  1356  4221 E TaskPersister: File error accessing recents directory (directory doesn't exist?).
01-25 11:06:43.783  1356  4221 E TaskPersister: File error accessing recents directory (directory doesn't exist?).
01-25 11:06:43.783  1356  4221 E TaskPersister: File error accessing recents directory (directory doesn't exist?).
01-25 11:06:44.100  1017  1032 E HeatmapThread: ECT Thread time in milliseconds: 1769319404
01-25 11:06:44.102  1017  1032 E HeatmapThread: !@Could not open '/efs/FactoryApp/bsoh', errno = 13
01-25 11:06:44.102  1017  1032 E HeatmapThread: !@ CAM Could not access BSOH EFS
01-25 11:06:44.102  1017  1032 E HeatmapThread: !@ CAM New BSOH: 0
01-25 11:06:45.100  1017  1032 E HeatmapThread: ECT Thread time in milliseconds: 1769319405
01-25 11:06:45.102  1017  1032 E HeatmapThread: !@Could not open '/efs/FactoryApp/bsoh', errno = 13
01-25 11:06:45.102  1017  1032 E HeatmapThread: !@ CAM Could not access BSOH EFS
01-25 11:06:45.102  1017  1032 E HeatmapThread: !@ CAM New BSOH: 0
01-25 11:06:46.101  1017  1032 E HeatmapThread: ECT Thread time in milliseconds: 1769319406
01-25 11:06:46.102  1017  1032 E HeatmapThread: !@Could not open '/efs/FactoryApp/bsoh', errno = 13
01-25 11:06:46.102  1017  1032 E HeatmapThread: !@ CAM Could not access BSOH EFS
01-25 11:06:46.102  1017  1032 E HeatmapThread: !@ CAM New BSOH: 0
01-25 11:06:46.546  2961 17113 E pageboostd: alp start : app comelvanrmdneram
01-25 11:06:46.547  2961 17113 E pageboostd: comelvanrmdneram, amt 1187840 scnt 1 fcnt 0
01-25 11:06:46.549  2961 17113 E pageboostd: comelvanrmdneram, amt 2834432 scnt 17 fcnt 19
01-25 11:06:46.549  2961 17113 E pageboostd: alp end : app comelvanrmdneram data_amount 4022272
01-25 11:06:46.638  2961  2961 E pageboostd: Received HALT command code 2
01-25 11:06:46.721  1028  1028 E SurfaceFlinger: alpha changed 1.000 -> 0.000 - Surface(name=Task=2314)/@0xbfa5442_transition-leash#217612
01-25 11:06:46.770  1028  1028 E SurfaceFlinger: alpha changed 0.000 -> 0.911 - Surface(name=Task=2314)/@0xbfa5442_transition-leash#217612
01-25 11:06:47.100  1017  1032 E HeatmapThread: ECT Thread time in milliseconds: 1769319407
01-25 11:06:47.101  1017  1032 E HeatmapThread: !@Could not open '/efs/FactoryApp/bsoh', errno = 13
01-25 11:06:47.101  1017  1032 E HeatmapThread: !@ CAM Could not access BSOH EFS
01-25 11:06:47.101  1017  1032 E HeatmapThread: !@ CAM New BSOH: 0
01-25 11:06:47.287 17114 17114 E ashmem  : Pinning is deprecated since Android Q. Please use trim or other methods.
01-25 11:06:47.765 30889  8161 E IPCThreadState: Process seems to be sending too many oneway calls.
01-25 11:06:47.883 30889  8161 E oneway spamming:   #00 pc 000000000007acf0  /system/lib64/libbinder.so (android::BpBinder::transact(unsigned int, android::Parcel const&, android::Parcel*, unsigned int)+432) (BuildId: 0ca6a05641d41b3585d09f36f3e3f755)
01-25 11:06:47.883 30889  8161 E oneway spamming:   #01 pc 00000000001e9284  /system/lib64/libandroid_runtime.so (android_os_BinderProxy_transact(_JNIEnv*, _jobject*, int, _jobject*, _jobject*, int)+152) (BuildId: f033a49a6ff18f5732a4017715cd0a4a)
01-25 11:06:47.883 30889  8161 E oneway spamming:   #02 pc 0000000000ddd04c  /data/misc/apexdata/com.android.art/dalvik-cache/arm64/boot.oat (art_jni_trampoline+140)
01-25 11:06:47.883 30889  8161 E oneway spamming:   #03 pc 00000000009463c8  /data/misc/apexdata/com.android.art/dalvik-cache/arm64/boot.oat (android.os.BinderProxy.transact+3464)
01-25 11:06:47.883 30889  8161 E oneway spamming:   #04 pc 00000000019edd0c  /data/app/~~h0_EknfAzw0eZQRM-R9yGw==/com.google.android.gms-1eJsgnIYUOqX3L2amtWpGQ==/oat/arm64/base.odex (eosx.g+476)
01-25 11:06:47.883 30889  8161 E oneway spamming:   #05 pc 0000000000b7e878  /data/app/~~h0_EknfAzw0eZQRM-R9yGw==/com.google.android.gms-1eJsgnIYUOqX3L2amtWpGQ==/oat/arm64/base.odex (eoud.i+152)
01-25 11:06:47.883 30889  8161 E oneway spamming:   #06 pc 0000000000b7396c  /data/app/~~h0_EknfAzw0eZQRM-R9yGw==/com.google.android.gms-1eJsgnIYUOqX3L2amtWpGQ==/oat/arm64/base.odex (eotm.h+396)
01-25 11:06:47.883 30889  8161 E oneway spamming:   #07 pc 0000000000b736e4  /data/app/~~h0_EknfAzw0eZQRM-R9yGw==/com.google.android.gms-1eJsgnIYUOqX3L2amtWpGQ==/oat/arm64/base.odex (eotm.f+292)
01-25 11:06:47.883 30889  8161 E oneway spamming:   #08 pc 0000000000992bf4  /data/app/~~h0_EknfAzw0eZQRM-R9yGw==/com.google.android.gms-1eJsgnIYUOqX3L2amtWpGQ==/oat/arm64/base.odex (cozj.fB+52)
01-25 11:06:47.883 30889  8161 E oneway spamming:   #09 pc 0000000000aa72fc  /data/app/~~h0_EknfAzw0eZQRM-R9yGw==/com.google.android.gms-1eJsgnIYUOqX3L2amtWpGQ==/oat/arm64/base.odex (cozn.run+1692)
01-25 11:06:47.883 30889  8161 E oneway spamming:   #10 pc 0000000000c27fe0  /data/app/~~h0_EknfAzw0eZQRM-R9yGw==/com.google.android.gms-1eJsgnIYUOqX3L2amtWpGQ==/oat/arm64/base.odex (gldx.run+912)
01-25 11:06:47.883 30889  8161 E oneway spamming:   #11 pc 0000000000a139fc  /data/app/~~h0_EknfAzw0eZQRM-R9yGw==/com.google.android.gms-1eJsgnIYUOqX3L2amtWpGQ==/oat/arm64/base.odex (bdxq.c+252)
01-25 11:06:47.883 30889  8161 E oneway spamming:   #12 pc 0000000000a143f4  /data/app/~~h0_EknfAzw0eZQRM-R9yGw==/com.google.android.gms-1eJsgnIYUOqX3L2amtWpGQ==/oat/arm64/base.odex (bdxq.run+1748)
01-25 11:06:47.883 30889  8161 E oneway spamming:   #13 pc 00000000004b8d24  /data/misc/apexdata/com.android.art/dalvik-cache/arm64/boot.oat (java.util.concurrent.ThreadPoolExecutor.runWorker+676)
01-25 11:06:47.883 30889  8161 E oneway spamming:   #14 pc 00000000004bccc8  /data/misc/apexdata/com.android.art/dalvik-cache/arm64/boot.oat (java.util.concurrent.ThreadPoolExecutor$Worker.run+56)
01-25 11:06:47.883 30889  8161 E oneway spamming:   #15 pc 00000000015000a0  /data/app/~~h0_EknfAzw0eZQRM-R9yGw==/com.google.android.gms-1eJsgnIYUOqX3L2amtWpGQ==/oat/arm64/base.odex (bedh.run+80)
01-25 11:06:47.883 30889  8161 E oneway spamming:   #16 pc 000000000034d500  /data/misc/apexdata/com.android.art/dalvik-cache/arm64/boot.oat (java.lang.Thread.run+64)
01-25 11:06:47.883 30889  8161 E oneway spamming:   #17 pc 0000000000317194  /apex/com.android.art/lib64/libart.so (art_quick_invoke_stub+612) (BuildId: eb4ec0f1d1c7267591d83fa87cb36390)
01-25 11:06:47.883 30889  8161 E oneway spamming:   #18 pc 0000000000302838  /apex/com.android.art/lib64/libart.so (art::ArtMethod::Invoke(art::Thread*, unsigned int*, unsigned int, art::JValue*, char const*)+216) (BuildId: eb4ec0f1d1c7267591d83fa87cb36390)
01-25 11:06:47.883 30889  8161 E oneway spamming:   #19 pc 00000000004c8298  /apex/com.android.art/lib64/libart.so (art::Thread::CreateCallback(void*)+932) (BuildId: eb4ec0f1d1c7267591d83fa87cb36390)
01-25 11:06:47.883 30889  8161 E oneway spamming:   #20 pc 00000000004c7ee4  /apex/com.android.art/lib64/libart.so (art::Thread::CreateCallbackWithUffdGc(void*)+8) (BuildId: eb4ec0f1d1c7267591d83fa87cb36390)
01-25 11:06:47.883 30889  8161 E oneway spamming:   #21 pc 000000000007e8ac  /apex/com.android.runtime/lib64/bionic/libc.so (__pthread_start(void*)+232) (BuildId: fa6ae44f4b2b6a34abebf1b3983cbf88)
01-25 11:06:47.883 30889  8161 E oneway spamming:   #22 pc 0000000000071bdc  /apex/com.android.runtime/lib64/bionic/libc.so (__start_thread+64) (BuildId: fa6ae44f4b2b6a34abebf1b3983cbf88)
01-25 11:06:47.885 17114 17152 E .elvan.rmdneram: No package ID 6a found for resource ID 0x6a0b0013.
01-25 11:06:47.891  1356  2597 E PhoneRestrictionPolicy: getEmergencyCall >>false
01-25 11:06:47.891  1356  2597 E PhoneRestrictionPolicy: getEmergencyCall >>false
01-25 11:06:47.896  1356  1377 E PhoneRestrictionPolicy: getEmergencyCall >>false
01-25 11:06:47.897  1356  1377 E PhoneRestrictionPolicy: getEmergencyCall >>false
01-25 11:06:48.100  1762  1773 E SatelliteController: notifyNtnEligibility: mSatellitePhone is null
01-25 11:06:48.100  1017  1032 E HeatmapThread: ECT Thread time in milliseconds: 1769319408
01-25 11:06:48.101  1017  1032 E HeatmapThread: !@Could not open '/efs/FactoryApp/bsoh', errno = 13
01-25 11:06:48.101  1017  1032 E HeatmapThread: !@ CAM Could not access BSOH EFS
01-25 11:06:48.101  1017  1032 E HeatmapThread: !@ CAM New BSOH: 0
01-25 11:06:48.158  1356  1377 E PhoneRestrictionPolicy: getEmergencyCall >>false
01-25 11:06:48.160  1356  1377 E PhoneRestrictionPolicy: getEmergencyCall >>false
01-25 11:06:48.410  2961  2961 E pageboostd: Received HALT command code 2
01-25 11:06:48.575  1028  1028 E SurfaceFlinger: alpha changed 1.000 -> 0.000 - Surface(name=883574c InputMethod)/@0xa569caa - animation-leash of insets_animation#217621
01-25 11:06:48.599  1356  2597 E WindowManager: win=Window{f4d93f3 u0 com.sec.android.app.launcher/com.sec.android.app.launcher.activities.LauncherActivity} destroySurfaces: appStopped=true cleanupOnResume=false win.mWindowRemovalAllowed=false win.mRemoveOnExit=false win.mViewVisibility=8 caller=com.android.server.wm.ActivityRecord.destroySurfaces:25 com.android.server.wm.ActivityRecord.activityStopped:192 com.android.server.wm.ActivityClientController.activityStopped:97 android.app.IActivityClientController$Stub.onTransact:740 com.android.server.wm.ActivityClientController.onTransact:1 android.os.Binder.execTransactInternal:1462 android.os.Binder.execTransact:1401 
01-25 11:06:48.676  6805 17219 E AtomicFile: Failed to rename /data/user_de/0/com.samsung.android.honeyboard/files/selected.json.new to /data/user_de/0/com.samsung.android.honeyboard/files/selected.json
01-25 11:06:48.712  6805 17217 E AtomicFile: Failed to rename /data/user_de/0/com.samsung.android.honeyboard/files/selected.json.new to /data/user_de/0/com.samsung.android.honeyboard/files/selected.json
01-25 11:06:48.720  6805 17221 E AtomicFile: Failed to rename /data/user_de/0/com.samsung.android.honeyboard/files/selected.json.new to /data/user_de/0/com.samsung.android.honeyboard/files/selected.json
01-25 11:06:49.100  1017  1032 E HeatmapThread: ECT Thread time in milliseconds: 1769319409
01-25 11:06:49.101  1017  1032 E HeatmapThread: !@Could not open '/efs/FactoryApp/bsoh', errno = 13
01-25 11:06:49.101  1017  1032 E HeatmapThread: !@ CAM Could not access BSOH EFS
01-25 11:06:49.101  1017  1032 E HeatmapThread: !@ CAM New BSOH: 0
01-25 11:06:49.276  1028  1028 E SurfaceFlinger: alpha changed 1.000 -> 0.000 - Surface(name=fb5b8d1 com.elvan.rmdneram/com.elvan.rmdneram.MainActivity)/@0x621ef3c - animation-leash of window_animation#217626
01-25 11:06:49.276  1028  1028 E SurfaceFlinger: alpha changed 1.000 -> 0.000 - Dim Layer for - Task=2314#217627
01-25 11:06:49.309  1028  1028 E SurfaceFlinger: alpha changed 0.000 -> 0.044 - Dim Layer for - Task=2314#217627
01-25 11:06:49.309  1028  1028 E SurfaceFlinger: alpha changed 0.000 -> 0.071 - Surface(name=fb5b8d1 com.elvan.rmdneram/com.elvan.rmdneram.MainActivity)/@0x621ef3c - animation-leash of window_animation#217626
01-25 11:06:49.376  1028  1028 E SurfaceFlinger: alpha changed 1.000 -> 0.000 - Surface(name=883574c InputMethod)/@0xa569caa - animation-leash of insets_animation#217628
01-25 11:06:49.928  1356  1392 E WindowManager: win=Window{fb5b8d1 u0 com.elvan.rmdneram/com.elvan.rmdneram.MainActivity EXITING} destroySurfaces: appStopped=false cleanupOnResume=false win.mWindowRemovalAllowed=true win.mRemoveOnExit=true win.mViewVisibility=0 caller=com.android.server.wm.WindowState.onExitAnimationDone:224 com.android.server.wm.WindowState.onAnimationFinished:161 com.android.server.wm.WindowContainer$$ExternalSyntheticLambda8.onAnimationFinished:3 com.android.server.wm.SurfaceAnimator$$ExternalSyntheticLambda0.onAnimationFinished:69 com.android.server.wm.LocalAnimationAdapter$$ExternalSyntheticLambda0.run:10 android.os.Handler.handleCallback:995 android.os.Handler.dispatchMessage:103 
01-25 11:06:49.944  1028  1028 E SurfaceFlinger: alpha changed 0.155 -> 0.000 - Surface(name=fb5b8d1 com.elvan.rmdneram/com.elvan.rmdneram.MainActivity)/@0x621ef3c - animation-leash of window_animation#217629
01-25 11:06:49.961  1028  1028 E SurfaceFlinger: alpha changed 0.064 -> 0.000 - Dim Layer for - Task=2314#217627
01-25 11:06:49.961  1028  1028 E SurfaceFlinger: alpha changed 1.000 -> 0.000 - Surface(name=883574c InputMethod)/@0xa569caa - animation-leash of insets_animation#217632
01-25 11:06:50.077  1028  1028 E SurfaceFlinger: alpha changed 1.000 -> 0.000 - Surface(name=883574c InputMethod)/@0xa569caa - animation-leash of insets_animation#217633
01-25 11:06:50.100  1017  1032 E HeatmapThread: ECT Thread time in milliseconds: 1769319410
01-25 11:06:50.101  1017  1032 E HeatmapThread: !@Could not open '/efs/FactoryApp/bsoh', errno = 13
01-25 11:06:50.101  1017  1032 E HeatmapThread: !@ CAM Could not access BSOH EFS
01-25 11:06:50.101  1017  1032 E HeatmapThread: !@ CAM New BSOH: 0
