01-25 11:06:50.139  1356  4221 E TaskPersister: File error accessing recents directory (directory doesn't exist?).
01-25 11:06:50.139  1356  4221 E TaskPersister: File error accessing recents directory (directory doesn't exist?).
01-25 11:06:50.139  1356  4221 E TaskPersister: File error accessing recents directory (directory doesn't exist?).
01-25 11:06:50.139  1356  4221 E TaskPersister: File error accessing recents directory (directory doesn't exist?).
01-25 11:06:51.100  1017  1032 E HeatmapThread: ECT Thread time in milliseconds: 1769319411
01-25 11:06:51.101  1017  1032 E HeatmapThread: !@Could not open '/efs/FactoryApp/bsoh', errno = 13
01-25 11:06:51.101  1017  1032 E HeatmapThread: !@ CAM Could not access BSOH EFS
01-25 11:06:51.101  1017  1032 E HeatmapThread: !@ CAM New BSOH: 0
01-25 11:06:51.553 17114 17114 E AndroidRuntime: FATAL EXCEPTION: main
01-25 11:06:51.553 17114 17114 E AndroidRuntime: Process: com.elvan.rmdneram, PID: 17114
01-25 11:06:51.553 17114 17114 E AndroidRuntime: com.google.firebase.database.DatabaseException: Failed to convert value of type java.lang.Long to String
01-25 11:06:51.553 17114 17114 E AndroidRuntime: 	at com.google.firebase.database.core.utilities.encoding.CustomClassMapper.convertString(CustomClassMapper.java:426)
01-25 11:06:51.553 17114 17114 E AndroidRuntime: 	at com.google.firebase.database.core.utilities.encoding.CustomClassMapper.deserializeToClass(CustomClassMapper.java:217)
01-25 11:06:51.553 17114 17114 E AndroidRuntime: 	at com.google.firebase.database.core.utilities.encoding.CustomClassMapper.convertToCustomClass(CustomClassMapper.java:80)
01-25 11:06:51.553 17114 17114 E AndroidRuntime: 	at com.google.firebase.database.DataSnapshot.getValue(DataSnapshot.java:202)
01-25 11:06:51.553 17114 17114 E AndroidRuntime: 	at com.elvan.rmdneram.ui.profile.ProfileScreenKt$ProfileScreen$3$1$1$1.onDataChange(ProfileScreen.kt:112)
01-25 11:06:51.553 17114 17114 E AndroidRuntime: 	at com.google.firebase.database.core.ValueEventRegistration.fireEvent(ValueEventRegistration.java:75)
01-25 11:06:51.553 17114 17114 E AndroidRuntime: 	at com.google.firebase.database.core.view.DataEvent.fire(DataEvent.java:63)
01-25 11:06:51.553 17114 17114 E AndroidRuntime: 	at com.google.firebase.database.core.view.EventRaiser$1.run(EventRaiser.java:55)
01-25 11:06:51.553 17114 17114 E AndroidRuntime: 	at android.os.Handler.handleCallback(Handler.java:995)
01-25 11:06:51.553 17114 17114 E AndroidRuntime: 	at android.os.Handler.dispatchMessage(Handler.java:103)
01-25 11:06:51.553 17114 17114 E AndroidRuntime: 	at android.os.Looper.loopOnce(Looper.java:273)
01-25 11:06:51.553 17114 17114 E AndroidRuntime: 	at android.os.Looper.loop(Looper.java:363)
01-25 11:06:51.553 17114 17114 E AndroidRuntime: 	at android.app.ActivityThread.main(ActivityThread.java:10060)
01-25 11:06:51.553 17114 17114 E AndroidRuntime: 	at java.lang.reflect.Method.invoke(Native Method)
01-25 11:06:51.553 17114 17114 E AndroidRuntime: 	at com.android.internal.os.RuntimeInit$MethodAndArgsCaller.run(RuntimeInit.java:632)
01-25 11:06:51.553 17114 17114 E AndroidRuntime: 	at com.android.internal.os.ZygoteInit.main(ZygoteInit.java:975)
01-25 11:06:51.672  1356  3915 E PackageManager: replace res.nonLocalizedLabel(null) to newName(மறுறை) and activity.getPackageName() () UId(1000)
01-25 11:06:51.731  1028  1028 E SurfaceFlinger: alpha changed 1.000 -> 0.000 - Surface(name=Task=1)/@0x833b5fe_transition-leash#217638
01-25 11:06:51.747  1028  1028 E SurfaceFlinger: alpha changed 0.000 -> 1.000 - Surface(name=Task=1)/@0x833b5fe_transition-leash#217638
01-25 11:06:51.797  1028  1028 E SurfaceFlinger: alpha changed 1.000 -> 0.000 - Surface(name=883574c InputMethod)/@0xa569caa - animation-leash of insets_animation#217641
01-25 11:06:51.912  1356  1394 E Watchdog: !@Sync: 17742 heap(MB): 231 / 242 FD: 1341 [2026-01-25 11:06:51.911]
01-25 11:06:52.100  1017  1032 E HeatmapThread: ECT Thread time in milliseconds: 1769319412
01-25 11:06:52.101  1017  1032 E HeatmapThread: !@Could not open '/efs/FactoryApp/bsoh', errno = 13
01-25 11:06:52.101  1017  1032 E HeatmapThread: !@ CAM Could not access BSOH EFS
01-25 11:06:52.101  1017  1032 E HeatmapThread: !@ CAM New BSOH: 0
01-25 11:06:52.345  2961 17271 E pageboostd: alp start : app comelvanrmdneram
01-25 11:06:52.345  2961 17271 E pageboostd: comelvanrmdneram, amt 1187840 scnt 1 fcnt 0
01-25 11:06:52.346  2961 17271 E pageboostd: comelvanrmdneram, amt 2834432 scnt 17 fcnt 19
01-25 11:06:52.346  2961 17271 E pageboostd: alp end : app comelvanrmdneram data_amount 4022272
01-25 11:06:52.382  1028  1028 E SurfaceFlinger: alpha changed 0.000 -> 0.000 - Surface(name=Task=2314)/@0x34887ac_transition-leash#217639
01-25 11:06:52.437  1028  1028 E BpTransactionCompletedListener: Failed to transact (-32)
01-25 11:06:52.446  2961  2961 E pageboostd: Received HALT command code 2
01-25 11:06:52.453  2961  2961 E pageboostd: Received HALT command code 2
01-25 11:06:52.532  1028  1028 E SurfaceFlinger: alpha changed 1.000 -> 0.000 - Surface(name=Task=2315)/@0xf30d2f0_transition-leash#217650
01-25 11:06:52.582  1028  1028 E SurfaceFlinger: alpha changed 0.000 -> 0.911 - Surface(name=Task=2315)/@0xf30d2f0_transition-leash#217650
01-25 11:06:53.100  1017  1032 E HeatmapThread: ECT Thread time in milliseconds: 1769319413
01-25 11:06:53.101  1017  1032 E HeatmapThread: !@Could not open '/efs/FactoryApp/bsoh', errno = 13
01-25 11:06:53.101  1017  1032 E HeatmapThread: !@ CAM Could not access BSOH EFS
01-25 11:06:53.101  1017  1032 E HeatmapThread: !@ CAM New BSOH: 0
01-25 11:06:53.197 17272 17272 E ashmem  : Pinning is deprecated since Android Q. Please use trim or other methods.
01-25 11:06:53.669 17272 17307 E .elvan.rmdneram: No package ID 6a found for resource ID 0x6a0b0013.
01-25 11:06:53.743 10512 15270 E KnoxInfoImpl: ERROR | invalid request, isSupportMoveTo
01-25 11:06:53.816 10512 15270 E KnoxInfoImpl: ERROR | invalid request, isSupportMoveTo
01-25 11:06:54.100  1017  1032 E HeatmapThread: ECT Thread time in milliseconds: 1769319414
01-25 11:06:54.101  1017  1032 E HeatmapThread: !@Could not open '/efs/FactoryApp/bsoh', errno = 13
01-25 11:06:54.101  1017  1032 E HeatmapThread: !@ CAM Could not access BSOH EFS
01-25 11:06:54.101  1017  1032 E HeatmapThread: !@ CAM New BSOH: 0
01-25 11:06:54.349  2961  2961 E pageboostd: Received HALT command code 2
01-25 11:06:54.470  1356  2847 E WindowManager: win=Window{f4d93f3 u0 com.sec.android.app.launcher/com.sec.android.app.launcher.activities.LauncherActivity} destroySurfaces: appStopped=true cleanupOnResume=false win.mWindowRemovalAllowed=false win.mRemoveOnExit=false win.mViewVisibility=8 caller=com.android.server.wm.ActivityRecord.destroySurfaces:25 com.android.server.wm.ActivityRecord.activityStopped:192 com.android.server.wm.ActivityClientController.activityStopped:97 android.app.IActivityClientController$Stub.onTransact:740 com.android.server.wm.ActivityClientController.onTransact:1 android.os.Binder.execTransactInternal:1462 android.os.Binder.execTransact:1401 
01-25 11:06:54.570  1028  1028 E SurfaceFlinger: alpha changed 1.000 -> 0.000 - Surface(name=883574c InputMethod)/@0xa569caa - animation-leash of insets_animation#217658
01-25 11:06:54.766  6805 17360 E AtomicFile: Failed to rename /data/user_de/0/com.samsung.android.honeyboard/files/selected.json.new to /data/user_de/0/com.samsung.android.honeyboard/files/selected.json
01-25 11:06:54.767  6805 17361 E AtomicFile: Failed to rename /data/user_de/0/com.samsung.android.honeyboard/files/selected.json.new to /data/user_de/0/com.samsung.android.honeyboard/files/selected.json
01-25 11:06:55.054  1028  1028 E SurfaceFlinger: alpha changed 1.000 -> 0.000 - Surface(name=89c3591 com.elvan.rmdneram/com.elvan.rmdneram.MainActivity)/@0x506e4ce - animation-leash of window_animation#217663
01-25 11:06:55.054  1028  1028 E SurfaceFlinger: alpha changed 0.000 -> 0.000 - Surface(name=89c3591 com.elvan.rmdneram/com.elvan.rmdneram.MainActivity)/@0x506e4ce - animation-leash of window_animation#217663
01-25 11:06:55.054  1028  1028 E SurfaceFlinger: alpha changed 1.000 -> 0.000 - Dim Layer for - Task=2315#217664
01-25 11:06:55.071  1028  1028 E SurfaceFlinger: alpha changed 0.000 -> 0.083 - Surface(name=89c3591 com.elvan.rmdneram/com.elvan.rmdneram.MainActivity)/@0x506e4ce - animation-leash of window_animation#217663
01-25 11:06:55.087  1028  1028 E SurfaceFlinger: alpha changed 0.000 -> 0.044 - Dim Layer for - Task=2315#217664
01-25 11:06:55.100  1017  1032 E HeatmapThread: ECT Thread time in milliseconds: 1769319415
01-25 11:06:55.101  1017  1032 E HeatmapThread: !@Could not open '/efs/FactoryApp/bsoh', errno = 13
01-25 11:06:55.103  1017  1032 E HeatmapThread: !@ CAM Could not access BSOH EFS
01-25 11:06:55.103  1017  1032 E HeatmapThread: !@ CAM New BSOH: 0
01-25 11:06:55.137  1028  1028 E SurfaceFlinger: alpha changed 1.000 -> 0.000 - Surface(name=883574c InputMethod)/@0xa569caa - animation-leash of insets_animation#217665
01-25 11:06:55.793  1356  1392 E WindowManager: win=Window{89c3591 u0 com.elvan.rmdneram/com.elvan.rmdneram.MainActivity EXITING} destroySurfaces: appStopped=false cleanupOnResume=false win.mWindowRemovalAllowed=true win.mRemoveOnExit=true win.mViewVisibility=0 caller=com.android.server.wm.WindowState.onExitAnimationDone:224 com.android.server.wm.WindowState.onAnimationFinished:161 com.android.server.wm.WindowContainer$$ExternalSyntheticLambda8.onAnimationFinished:3 com.android.server.wm.SurfaceAnimator$$ExternalSyntheticLambda0.onAnimationFinished:69 com.android.server.wm.LocalAnimationAdapter$$ExternalSyntheticLambda0.run:10 android.os.Handler.handleCallback:995 android.os.Handler.dispatchMessage:103 
01-25 11:06:55.805  1028  1028 E SurfaceFlinger: alpha changed 0.146 -> 0.000 - Surface(name=89c3591 com.elvan.rmdneram/com.elvan.rmdneram.MainActivity)/@0x506e4ce - animation-leash of window_animation#217666
01-25 11:06:55.822  1028  1028 E SurfaceFlinger: alpha changed 0.068 -> 0.000 - Dim Layer for - Task=2315#217664
01-25 11:06:55.838  1028  1028 E SurfaceFlinger: alpha changed 1.000 -> 0.000 - Surface(name=883574c InputMethod)/@0xa569caa - animation-leash of insets_animation#217669
01-25 11:06:56.100  1017  1032 E HeatmapThread: ECT Thread time in milliseconds: 1769319416
01-25 11:06:56.101  1017  1032 E HeatmapThread: !@Could not open '/efs/FactoryApp/bsoh', errno = 13
01-25 11:06:56.101  1017  1032 E HeatmapThread: !@ CAM Could not access BSOH EFS
01-25 11:06:56.101  1017  1032 E HeatmapThread: !@ CAM New BSOH: 0
01-25 11:06:56.356  1028  1028 E SurfaceFlinger: alpha changed 1.000 -> 0.000 - Surface(name=883574c InputMethod)/@0xa569caa - animation-leash of insets_animation#217670
01-25 11:06:56.415  1356  4221 E TaskPersister: File error accessing recents directory (directory doesn't exist?).
01-25 11:06:56.416  1356  4221 E TaskPersister: File error accessing recents directory (directory doesn't exist?).
01-25 11:06:56.416  1356  4221 E TaskPersister: File error accessing recents directory (directory doesn't exist?).
01-25 11:06:56.416  1356  4221 E TaskPersister: File error accessing recents directory (directory doesn't exist?).
01-25 11:06:57.100  1017  1032 E HeatmapThread: ECT Thread time in milliseconds: 1769319417
01-25 11:06:57.101  1017  1032 E HeatmapThread: !@Could not open '/efs/FactoryApp/bsoh', errno = 13
01-25 11:06:57.101  1017  1032 E HeatmapThread: !@ CAM Could not access BSOH EFS
01-25 11:06:57.101  1017  1032 E HeatmapThread: !@ CAM New BSOH: 0
01-25 11:06:57.247 17272 17272 E AndroidRuntime: FATAL EXCEPTION: main
01-25 11:06:57.247 17272 17272 E AndroidRuntime: Process: com.elvan.rmdneram, PID: 17272
01-25 11:06:57.247 17272 17272 E AndroidRuntime: com.google.firebase.database.DatabaseException: Failed to convert value of type java.lang.Long to String
01-25 11:06:57.247 17272 17272 E AndroidRuntime: 	at com.google.firebase.database.core.utilities.encoding.CustomClassMapper.convertString(CustomClassMapper.java:426)
01-25 11:06:57.247 17272 17272 E AndroidRuntime: 	at com.google.firebase.database.core.utilities.encoding.CustomClassMapper.deserializeToClass(CustomClassMapper.java:217)
01-25 11:06:57.247 17272 17272 E AndroidRuntime: 	at com.google.firebase.database.core.utilities.encoding.CustomClassMapper.convertToCustomClass(CustomClassMapper.java:80)
01-25 11:06:57.247 17272 17272 E AndroidRuntime: 	at com.google.firebase.database.DataSnapshot.getValue(DataSnapshot.java:202)
01-25 11:06:57.247 17272 17272 E AndroidRuntime: 	at com.elvan.rmdneram.ui.profile.ProfileScreenKt$ProfileScreen$3$1$1$1.onDataChange(ProfileScreen.kt:112)
01-25 11:06:57.247 17272 17272 E AndroidRuntime: 	at com.google.firebase.database.core.ValueEventRegistration.fireEvent(ValueEventRegistration.java:75)
01-25 11:06:57.247 17272 17272 E AndroidRuntime: 	at com.google.firebase.database.core.view.DataEvent.fire(DataEvent.java:63)
01-25 11:06:57.247 17272 17272 E AndroidRuntime: 	at com.google.firebase.database.core.view.EventRaiser$1.run(EventRaiser.java:55)
01-25 11:06:57.247 17272 17272 E AndroidRuntime: 	at android.os.Handler.handleCallback(Handler.java:995)
01-25 11:06:57.247 17272 17272 E AndroidRuntime: 	at android.os.Handler.dispatchMessage(Handler.java:103)
01-25 11:06:57.247 17272 17272 E AndroidRuntime: 	at android.os.Looper.loopOnce(Looper.java:273)
01-25 11:06:57.247 17272 17272 E AndroidRuntime: 	at android.os.Looper.loop(Looper.java:363)
01-25 11:06:57.247 17272 17272 E AndroidRuntime: 	at android.app.ActivityThread.main(ActivityThread.java:10060)
01-25 11:06:57.247 17272 17272 E AndroidRuntime: 	at java.lang.reflect.Method.invoke(Native Method)
01-25 11:06:57.247 17272 17272 E AndroidRuntime: 	at com.android.internal.os.RuntimeInit$MethodAndArgsCaller.run(RuntimeInit.java:632)
01-25 11:06:57.247 17272 17272 E AndroidRuntime: 	at com.android.internal.os.ZygoteInit.main(ZygoteInit.java:975)
01-25 11:06:57.360  1356  1763 E Pageboost: ioinfo read failed
01-25 11:06:57.387  1356  3913 E PackageManager: replace res.nonLocalizedLabel(null) to newName(மறுறை) and activity.getPackageName() () UId(1000)
01-25 11:06:57.442  1028  1028 E SurfaceFlinger: alpha changed 1.000 -> 0.000 - Surface(name=Task=1)/@0xfbc2f0c_transition-leash#217675
01-25 11:06:57.444 17391 17391 E e.android.music: Not starting debugger since process cannot load the jdwp agent.
01-25 11:06:57.459  1028  1028 E SurfaceFlinger: alpha changed 0.000 -> 1.000 - Surface(name=Task=1)/@0xfbc2f0c_transition-leash#217675
01-25 11:06:57.509  1028  1028 E SurfaceFlinger: alpha changed 1.000 -> 0.000 - Surface(name=883574c InputMethod)/@0xa569caa - animation-leash of insets_animation#217678
01-25 11:06:57.513  6805 17407 E AtomicFile: Failed to rename /data/user_de/0/com.samsung.android.honeyboard/files/selected.json.new to /data/user_de/0/com.samsung.android.honeyboard/files/selected.json
01-25 11:06:57.635 25607 25665 E msys    : E[N WCIHTTPImplNetworkSession]WCIHTTPTaskImplCreateRegular(556)=>[I] http/task/regular/create/start
01-25 11:06:57.636 25607 25665 E msys    : E[N WCIHTTPImplNetworkSession]WCIHTTPTaskImplCreateRegular(591)=>[I] http/task/regular/create/execute
01-25 11:06:57.636 25607 25665 E msys    : E[N WCIHTTPImplNetworkSession]WCIHTTPTaskImplCreateRegular(614)=>[I] http/task/regular/create/success
01-25 11:06:57.741 25607 25980 E msys    : E[N data-request]_HandleDataResponse(1984)=>Data request error for task FC45836E-CDC5-4444-A9EC-A4F364966B2E (response type 1): javax.net.ssl.SSLHandshakeException: Certificate expired at Fri Jan 23 05:29:59 GMT+05:30 2026 (compared to Sun Jan 25 11:06:57 GMT+05:30 2026)
01-25 11:06:57.741 25607 25665 E msys    : E[N WCIHTTPImplNetworkSession]WCIHTTPTaskImplCreateRegular(556)=>[I] http/task/regular/create/start
01-25 11:06:57.741 25607 25665 E msys    : E[N WCIHTTPImplNetworkSession]WCIHTTPTaskImplCreateRegular(591)=>[I] http/task/regular/create/execute
01-25 11:06:57.742 25607 25665 E msys    : E[N WCIHTTPImplNetworkSession]WCIHTTPTaskImplCreateRegular(614)=>[I] http/task/regular/create/success
01-25 11:06:57.862 25607 25980 E msys    : E[N data-request]_HandleDataResponse(1984)=>Data request error for task E8F2ABE4-89F5-468D-8D8B-324DFB0B440E (response type 1): javax.net.ssl.SSLHandshakeException: Certificate expired at Fri Jan 23 05:29:59 GMT+05:30 2026 (compared to Sun Jan 25 11:06:57 GMT+05:30 2026)
01-25 11:06:57.863 25607 25665 E msys    : E[N WCIHTTPImplNetworkSession]WCIHTTPTaskImplCreateRegular(556)=>[I] http/task/regular/create/start
01-25 11:06:57.863 25607 25665 E msys    : E[N WCIHTTPImplNetworkSession]WCIHTTPTaskImplCreateRegular(591)=>[I] http/task/regular/create/execute
01-25 11:06:57.863 25607 25665 E msys    : E[N WCIHTTPImplNetworkSession]WCIHTTPTaskImplCreateRegular(614)=>[I] http/task/regular/create/success
01-25 11:06:57.955 17391 17436 E ashmem  : Pinning is deprecated since Android Q. Please use trim or other methods.
01-25 11:06:58.019 17391 17448 E e.android.music: No package ID 6a found for resource ID 0x6a0b0013.
01-25 11:06:58.093  1028  1028 E SurfaceFlinger: alpha changed 0.000 -> 0.000 - Surface(name=Task=2315)/@0x9f09a6a_transition-leash#217676
01-25 11:06:58.100  1017  1032 E HeatmapThread: ECT Thread time in milliseconds: 1769319418
01-25 11:06:58.101  1017  1032 E HeatmapThread: !@Could not open '/efs/FactoryApp/bsoh', errno = 13
01-25 11:06:58.101  1017  1032 E HeatmapThread: !@ CAM Could not access BSOH EFS
01-25 11:06:58.101  1017  1032 E HeatmapThread: !@ CAM New BSOH: 0
01-25 11:06:58.146 25607 25980 E msys    : E[N data-request]_HandleDataResponse(1984)=>Data request error for task 7E8B850E-8F6D-447C-B82C-7BB037215D6A (response type 1): javax.net.ssl.SSLHandshakeException: Certificate expired at Fri Jan 23 05:29:59 GMT+05:30 2026 (compared to Sun Jan 25 11:06:58 GMT+05:30 2026)
01-25 11:06:58.147 25607 25665 E msys    : E[I wam]_WAMTransportPrivateLogUploadMessageWithDefaultLevel(55)=>privatestats/wameta/transport/buffer/send response failed, no more endpoints
01-25 11:06:58.148  1028  1028 E BpTransactionCompletedListener: Failed to transact (-32)
01-25 11:06:58.207 17391 17391 E SVMediaServices: SVCrashlytics() ERROR instantiating the error reporter
01-25 11:06:58.271 17467 17467 E ding:background: Not starting debugger since process cannot load the jdwp agent.
01-25 11:06:58.399 17467 17467 E ashmem  : Pinning is deprecated since Android Q. Please use trim or other methods.
01-25 11:06:58.433 17391 17391 E SVMediaServices: SVCrashlytics() ERROR instantiating the error reporter
01-25 11:06:58.476 17391 17391 E SVMediaServices: SVCrashlytics() ERROR instantiating the error reporter
01-25 11:06:58.476 17391 17391 E SVMediaServices: ~SVCrashlytics() ERROR there is no error reporter
01-25 11:06:59.101  1017  1032 E HeatmapThread: ECT Thread time in milliseconds: 1769319419
01-25 11:06:59.101  1017  1032 E HeatmapThread: !@Could not open '/efs/FactoryApp/bsoh', errno = 13
01-25 11:06:59.101  1017  1032 E HeatmapThread: !@ CAM Could not access BSOH EFS
01-25 11:06:59.101  1017  1032 E HeatmapThread: !@ CAM New BSOH: 0
01-25 11:06:59.271  2961 17598 E pageboostd: alp start : app comelvanrmdneram
01-25 11:06:59.271  2961 17598 E pageboostd: comelvanrmdneram, amt 1187840 scnt 1 fcnt 0
01-25 11:06:59.272  2961 17598 E pageboostd: comelvanrmdneram, amt 2834432 scnt 17 fcnt 19
01-25 11:06:59.272  2961 17598 E pageboostd: alp end : app comelvanrmdneram data_amount 4022272
01-25 11:06:59.368  2961  2961 E pageboostd: Received HALT command code 2
01-25 11:06:59.429  1028  1028 E SurfaceFlinger: alpha changed 1.000 -> 0.000 - Surface(name=Task=2316)/@0x759b34e_transition-leash#217687
01-25 11:06:59.477 25607 30046 E MvfstCallbacks.cpp: readError: streamid=3; error=LocalError: Idle timeout, Idle timeout: 30 seconds
01-25 11:06:59.477 25607 30046 E MvfstCallbacks.cpp: readError: streamid=7; error=LocalError: Idle timeout, Idle timeout: 30 seconds
01-25 11:06:59.477 25607 30046 E MvfstCallbacks.cpp: readError: streamid=11; error=LocalError: Idle timeout, Idle timeout: 30 seconds
01-25 11:06:59.478 25607 30046 E MvfstCallbacks.cpp: onConnectionError: error=LocalError: Idle timeout, Idle timeout: 30 seconds
01-25 11:06:59.479  1028  1028 E SurfaceFlinger: alpha changed 0.000 -> 0.911 - Surface(name=Task=2316)/@0x759b34e_transition-leash#217687
01-25 11:06:59.641 17391 17551 E SVStoreServices: SVSubscriptionStatusMgrImpl::checkSubscriptionStatusFromSource() load subscriptionStatus to memory
01-25 11:07:00.100  1017  1032 E HeatmapThread: ECT Thread time in milliseconds: 1769319420
01-25 11:07:00.101  1017  1032 E HeatmapThread: !@Could not open '/efs/FactoryApp/bsoh', errno = 13
01-25 11:07:00.101  1017  1032 E HeatmapThread: !@ CAM Could not access BSOH EFS
01-25 11:07:00.101  1017  1032 E HeatmapThread: !@ CAM New BSOH: 0
01-25 11:07:00.115 17599 17599 E ashmem  : Pinning is deprecated since Android Q. Please use trim or other methods.
