--------- beginning of main
01-25 11:06:01.100  1017  1032 E HeatmapThread: ECT Thread time in milliseconds: 1769319361
01-25 11:06:01.101  1017  1032 E HeatmapThread: !@Could not open '/efs/FactoryApp/bsoh', errno = 13
01-25 11:06:01.101  1017  1032 E HeatmapThread: !@ CAM Could not access BSOH EFS
01-25 11:06:01.101  1017  1032 E HeatmapThread: !@ CAM New BSOH: 0
01-25 11:06:02.100  1017  1032 E HeatmapThread: ECT Thread time in milliseconds: 1769319362
01-25 11:06:02.101  1017  1032 E HeatmapThread: !@Could not open '/efs/FactoryApp/bsoh', errno = 13
01-25 11:06:02.102  1017  1032 E HeatmapThread: !@ CAM Could not access BSOH EFS
01-25 11:06:02.102  1017  1032 E HeatmapThread: !@ CAM New BSOH: 0
01-25 11:06:03.101  1017  1032 E HeatmapThread: ECT Thread time in milliseconds: 1769319363
01-25 11:06:03.102  1017  1032 E HeatmapThread: !@Could not open '/efs/FactoryApp/bsoh', errno = 13
01-25 11:06:03.102  1017  1032 E HeatmapThread: !@ CAM Could not access BSOH EFS
01-25 11:06:03.102  1017  1032 E HeatmapThread: !@ CAM New BSOH: 0
01-25 11:06:04.101  1017  1032 E HeatmapThread: ECT Thread time in milliseconds: 1769319364
01-25 11:06:04.102  1017  1032 E HeatmapThread: !@Could not open '/efs/FactoryApp/bsoh', errno = 13
01-25 11:06:04.102  1017  1032 E HeatmapThread: !@ CAM Could not access BSOH EFS
01-25 11:06:04.102  1017  1032 E HeatmapThread: !@ CAM New BSOH: 0
01-25 11:06:05.100  1017  1032 E HeatmapThread: ECT Thread time in milliseconds: 1769319365
01-25 11:06:05.101  1017  1032 E HeatmapThread: !@Could not open '/efs/FactoryApp/bsoh', errno = 13
01-25 11:06:05.101  1017  1032 E HeatmapThread: !@ CAM Could not access BSOH EFS
01-25 11:06:05.101  1017  1032 E HeatmapThread: !@ CAM New BSOH: 0
01-25 11:06:06.100  1017  1032 E HeatmapThread: ECT Thread time in milliseconds: 1769319366
01-25 11:06:06.101  1017  1032 E HeatmapThread: !@Could not open '/efs/FactoryApp/bsoh', errno = 13
01-25 11:06:06.101  1017  1032 E HeatmapThread: !@ CAM Could not access BSOH EFS
01-25 11:06:06.101  1017  1032 E HeatmapThread: !@ CAM New BSOH: 0
01-25 11:06:07.101  1017  1032 E HeatmapThread: ECT Thread time in milliseconds: 1769319367
01-25 11:06:07.102  1017  1032 E HeatmapThread: !@Entered the read from path function
01-25 11:06:07.102  1017  1032 E HeatmapThread: !@Could not open '/efs/FactoryApp/extended_heatmap', errno = 13
01-25 11:06:07.102  1017  1032 E HeatmapThread: !@Extended_heatmap efs Forced Reset
01-25 11:06:07.102  1017  1032 E HeatmapThread: !@Read Extended_heatmap from efs is: 
01-25 11:06:07.103  1017  1032 E HeatmapThread: !@Write Extended Heatmap to efs is: 0 0 0 0 0 0 0 0 0 0 0 0 0 0 0 0 0 0 0 0 0 0 0 0 0 0 0 0 0 0 0 0 0 0 0 0 0 0 0 0 0 0 0 0 0 0 0 0 0 0 0 0 0 0 0 0 0 0 0 0 0 0 0 0 0 0 0 0 0 0 0 0 0 0 0 0 0 0 0 0 0 0 0 0 0 0 0 0 0 0 0 0 0 0 0 0 0 0 0 0 0 0 0 0 0 0 0 0 0 0 0 0 0 0 0 0 0 0 0 0 0 0 0 0 0 0 0 0 0 0 0 0 0 0 0 0 0 0 0 0 0 0 0 0 0 0 0 0 0 0 0 0 0 0 0 0 0 0 0 0 0 0 0 0 0 0 0 0 0 0 0 0 0 0 0 0 0 0 0 0 0 0 0 0 0 0 0 0 0 0 0 0 0 0 0 0 0 0 0 0 0 0 0 0 0 0 0 0 0 0 0 0 0 0 0 0 0 0 0 0 0 0 0 0 0 0 0 0 0 0 0 0 0 0 0 0 0 0 0 0 0 0 0 0 0 0 0 0 0 0 0 0 0 0 0 0 0 0 0 0 0 0 0 0 0 0 0 0 0 0 0 0 0 0 0 0 0 0 0 0 0 0 0 0 0 0 0 0 0 0 0 0 0 0 0 0 0 0 0 0 0 0 0 0 0 0 0 0 0 0 0 0 0 0 0 0 0 0 0 0 0 0 0 0 0 0 0 0 0 0 0 0 0 0 0 0 0 0 0 0 0 0 0 0 0 0 0 0 0 0 0 0 0 0 0 0 0 0 0 0 0 0 0 0 0 0 0 0 0 0 0 0 0 0 0 0 0 0 0 0 0 0 0 0 0 0 0 0 0 0 0 0 0 0 0 0 0 0 0 0 0 0 0 0 0 0 0 0 0 0 0 0 0 0 0 0 0 0 0 0 0 0 0 0 0 0 0 0 0 0 0 0 0 0 0 0 0 0 0 0 0 0 0 0 0 0 0 0 0 0 0 0 0 0 0 0 0 0 0 0 0 0 0 0 0 0 0 0 0 0 0 0 0 0 0 0 0 0 0 0 0 0 0 0 0 0 0 0 0 0 0 0 0 0
01-25 11:06:07.103  1017  1032 E HeatmapThread: !@Could not open '/efs/FactoryApp/extended_heatmap', errno = 13
01-25 11:06:07.103  1017  1032 E HeatmapThread: !@Could not open '/efs/FactoryApp/bsoh', errno = 13
01-25 11:06:07.103  1017  1032 E HeatmapThread: !@ CAM Could not access BSOH EFS
01-25 11:06:07.104  1017  1032 E HeatmapThread: !@ CAM New BSOH: 0
01-25 11:06:08.101  1017  1032 E HeatmapThread: ECT Thread time in milliseconds: 1769319368
01-25 11:06:08.102  1017  1032 E HeatmapThread: !@Could not open '/efs/FactoryApp/bsoh', errno = 13
01-25 11:06:08.102  1017  1032 E HeatmapThread: !@ CAM Could not access BSOH EFS
01-25 11:06:08.102  1017  1032 E HeatmapThread: !@ CAM New BSOH: 0
01-25 11:06:09.101  1017  1032 E HeatmapThread: ECT Thread time in milliseconds: 1769319369
01-25 11:06:09.102  1017  1032 E HeatmapThread: !@Could not open '/efs/FactoryApp/bsoh', errno = 13
01-25 11:06:09.102  1017  1032 E HeatmapThread: !@ CAM Could not access BSOH EFS
01-25 11:06:09.102  1017  1032 E HeatmapThread: !@ CAM New BSOH: 0
01-25 11:06:09.648  1356  1716 E SmartFaceManager: checkForSmartStay S
01-25 11:06:09.648  1356  1716 E SmartFaceManager/ServiceManagerGlobal: bind to smart face service
01-25 11:06:09.655 15315 15315 E SmartFaceServiceStarter: onCreate
01-25 11:06:09.664 15315 15315 E SmartFaceServiceStarter: onBind
01-25 11:06:09.666  1356  3169 E SmartFaceManager/ServiceManagerGlobal: smart face service connected
01-25 11:06:09.666  1356  1716 E SmartFaceManager/ServiceManagerGlobal: Service is available, connection count = 0 -> 1
01-25 11:06:09.666  1356  1716 E SmartFaceManager/ServiceManagerGlobal: bind to smart face service
01-25 11:06:09.666  1356  1716 E SmartFaceManager/ServiceManagerGlobal: already tried bound to smart face service
01-25 11:06:09.666  1356  1716 E SmartFaceManager/ServiceManagerGlobal: Service is available, connection count = 1 -> 2
01-25 11:06:09.667  1356  1716 E SmartFaceManager/ServiceManagerGlobal: unbind from smart face service, connection count = 2 -> 1
01-25 11:06:09.667  1356  1716 E SmartFaceManager/ServiceManagerGlobal: bind to smart face service
01-25 11:06:09.667  1356  1716 E SmartFaceManager/ServiceManagerGlobal: already tried bound to smart face service
01-25 11:06:09.667  1356  1716 E SmartFaceManager/ServiceManagerGlobal: Service is available, connection count = 1 -> 2
01-25 11:06:09.685  1132 11028 E cameraserver: isBiometricsFaceService : face AIDL HAL Pid(934) is not same with callingPid(15315)
01-25 11:06:09.691  1132 11028 E cameraserver: isBiometricsFaceService : face AIDL HAL Pid(934) is not same with callingPid(15315)
01-25 11:06:09.696   957  1297 E ExynosCameraSec: Build Date is (Aug 28 2025) (13:38:09) Process 64 bit
01-25 11:06:09.700   957 15996 E vendor.samsung.hardware.camera.provider@4.0-service_64: [CAM(-1)][]-(m_readEfsFile[364]):ERR :failed to open sysfs entry
01-25 11:06:09.700   957 15996 E vendor.samsung.hardware.camera.provider@4.0-service_64: [CAM(-1)][]-(m_executeIoctlCommand[237]):failed to ioctl: (11) IS_CAMINFO_IOCTL_COMMAND (14 - Bad address)
01-25 11:06:09.701   957 15996 E vendor.samsung.hardware.camera.provider@4.0-service_64: [CAM(-1)][]-(setCameraEfsData[137]):failed to communicate kernel: (2)
01-25 11:06:09.708  1132 11028 E Camera2-FrameProcessorBase: FrameProcessorBase: created
01-25 11:06:09.708  1132 11028 E Camera2-FrameProcessorBase: registerListener: Registering listener for frame id range 0 - 2147483647
01-25 11:06:09.834   957  1296 E ExynosCameraUtils: ERR(getYuvPlaneCount[1270]): BAD_VALUE
01-25 11:06:09.845  1132 11028 E VendorTagDescriptor: lookupTag: Tag name 'requestHint' does not exist.
01-25 11:06:09.848  1132 16024 E cameraserver: isBiometricsFaceService : face AIDL HAL Pid(934) is not same with callingPid(15315)
01-25 11:06:09.850  1356  3169 E SmartFaceManager: Listener does not implements SmartFaceInfoListener2
01-25 11:06:09.854   957  1298 E SecCameraUtil: [CAM(-1)][]-(getDualCalFileName[1217]):Invalid Scenario! fail
01-25 11:06:09.854   957  1298 E ExynosCameraSec: [CAM(1)][Front_0]-(m_readAllDualCalData[25860]):Fail Read DualCal(0 0)(-1)!!
01-25 11:06:10.100  1017  1032 E HeatmapThread: ECT Thread time in milliseconds: 1769319370
01-25 11:06:10.101  1017  1032 E HeatmapThread: !@Could not open '/efs/FactoryApp/bsoh', errno = 13
01-25 11:06:10.101  1017  1032 E HeatmapThread: !@ CAM Could not access BSOH EFS
01-25 11:06:10.101  1017  1032 E HeatmapThread: !@ CAM New BSOH: 0
01-25 11:06:10.186   957 16043 E ExynosCameraParametersSec: [CAM(1)][Front_0]-(m_getSetfileYuvRange_Mass[3443]):Preview size invalid (0 x 0)
01-25 11:06:10.191   957 16043 E SensorListener: Sensor(8) is not enabled yet!
01-25 11:06:10.191   957 16043 E SensorListener: Sensor(8) is not enabled yet!
01-25 11:06:10.191   957 16043 E SensorListener: Sensor(8) is not enabled yet!
01-25 11:06:10.192   957 16043 E SensorListener: Sensor(8) is not enabled yet!
01-25 11:06:10.192   957 16043 E SensorListener: Sensor(8) is not enabled yet!
01-25 11:06:10.193   957 16043 E ExynosCameraBufferManagerVendor: [CAM(1)][FLITE_BUF]-(getBuffer[317]):m_allocatedBufCount equals zero
01-25 11:06:10.193   957 16043 E ExynosCameraBufferSupplierVendor: [CAM(1)][BufferSupplier]-(getBuffer[185]):[FLITE_BUF][P7 T0 B-1 A0x6e341f6388]Failed to getBuffer. ret -38
01-25 11:06:10.193   957 16043 E ExynosCameraMCPipeSec: [CAM(1)][PIPE_3AA]-(m_putBuffer[855]):[F1 FT7][3AA_CAPTURE]Failed to getBuffer from BufferSupplier. ret -38 FrameQ_size (4, 0) size(0)
01-25 11:06:10.194   957 16043 E ExynosCameraBufferManagerVendor: [CAM(1)][FLITE_BUF]-(getBuffer[317]):m_allocatedBufCount equals zero
01-25 11:06:10.194   957 16043 E ExynosCameraBufferSupplierVendor: [CAM(1)][BufferSupplier]-(getBuffer[185]):[FLITE_BUF][P7 T0 B-1 A0x6e341f6388]Failed to getBuffer. ret -38
01-25 11:06:10.194   957 16043 E ExynosCameraMCPipeSec: [CAM(1)][PIPE_3AA]-(m_putBuffer[855]):[F2 FT7][3AA_CAPTURE]Failed to getBuffer from BufferSupplier. ret -38 FrameQ_size (3, 1) size(1)
01-25 11:06:10.196   957 16043 E ExynosCameraBufferManagerVendor: [CAM(1)][FLITE_BUF]-(getBuffer[317]):m_allocatedBufCount equals zero
01-25 11:06:10.196   957 16043 E ExynosCameraBufferSupplierVendor: [CAM(1)][BufferSupplier]-(getBuffer[185]):[FLITE_BUF][P7 T0 B-1 A0x6e341f6388]Failed to getBuffer. ret -38
01-25 11:06:10.196   957 16043 E ExynosCameraMCPipeSec: [CAM(1)][PIPE_3AA]-(m_putBuffer[855]):[F3 FT7][3AA_CAPTURE]Failed to getBuffer from BufferSupplier. ret -38 FrameQ_size (2, 2) size(2)
01-25 11:06:10.197   957 16043 E ExynosCameraBufferManagerVendor: [CAM(1)][FLITE_BUF]-(getBuffer[317]):m_allocatedBufCount equals zero
01-25 11:06:10.197   957 16043 E ExynosCameraBufferSupplierVendor: [CAM(1)][BufferSupplier]-(getBuffer[185]):[FLITE_BUF][P7 T0 B-1 A0x6e341f6388]Failed to getBuffer. ret -38
01-25 11:06:10.197   957 16043 E ExynosCameraMCPipeSec: [CAM(1)][PIPE_3AA]-(m_putBuffer[855]):[F4 FT2][3AA_CAPTURE]Failed to getBuffer from BufferSupplier. ret -38 FrameQ_size (1, 3) size(3)
01-25 11:06:10.272   957 16048 E ExynosCameraBufferManagerVendor: [CAM(1)][FLITE_BUF]-(getBuffer[317]):m_allocatedBufCount equals zero
01-25 11:06:10.272   957 16048 E ExynosCameraBufferSupplierVendor: [CAM(1)][BufferSupplier]-(getBuffer[185]):[FLITE_BUF][P7 T0 B-1 A0x6e2fe855a8]Failed to getBuffer. ret -38
01-25 11:06:10.272   957 16048 E ExynosCameraMCPipeSec: [CAM(1)][PIPE_3AA]-(m_putBuffer[855]):[F5 FT2][3AA_CAPTURE]Failed to getBuffer from BufferSupplier. ret -38 FrameQ_size (0, 3) size(4)
01-25 11:06:10.296   957 16061 E ExynosCameraSec: [CAM(1)][Front_0]-(handleBayerBuffer[12735]):[F1 FT7 CAM1 B-1 ORBB0]Handling bayer buffer failed. Bayer buffer will be put. isServiceBayer 0, bufDirection 1 pipeId 6 ret -38
01-25 11:06:10.297   957 16048 E ExynosCameraBufferManagerVendor: [CAM(1)][FLITE_BUF]-(getBuffer[317]):m_allocatedBufCount equals zero
01-25 11:06:10.297   957 16048 E ExynosCameraBufferSupplierVendor: [CAM(1)][BufferSupplier]-(getBuffer[185]):[FLITE_BUF][P7 T0 B-1 A0x6e2fe855a8]Failed to getBuffer. ret -38
01-25 11:06:10.297   957 16048 E ExynosCameraMCPipeSec: [CAM(1)][PIPE_3AA]-(m_putBuffer[855]):[F6 FT2][3AA_CAPTURE]Failed to getBuffer from BufferSupplier. ret -38 FrameQ_size (0, 3) size(4)
01-25 11:06:10.345   957 16061 E ExynosCameraSec: [CAM(1)][Front_0]-(handleBayerBuffer[12735]):[F2 FT7 CAM1 B-1 ORBB1]Handling bayer buffer failed. Bayer buffer will be put. isServiceBayer 0, bufDirection 1 pipeId 6 ret -38
01-25 11:06:10.346   957 16048 E ExynosCameraBufferManagerVendor: [CAM(1)][FLITE_BUF]-(getBuffer[317]):m_allocatedBufCount equals zero
01-25 11:06:10.346   957 16048 E ExynosCameraBufferSupplierVendor: [CAM(1)][BufferSupplier]-(getBuffer[185]):[FLITE_BUF][P7 T0 B-1 A0x6e2fe855a8]Failed to getBuffer. ret -38
01-25 11:06:10.346   957 16048 E ExynosCameraMCPipeSec: [CAM(1)][PIPE_3AA]-(m_putBuffer[855]):[F7 FT2][3AA_CAPTURE]Failed to getBuffer from BufferSupplier. ret -38 FrameQ_size (0, 3) size(4)
01-25 11:06:10.396   957 16061 E ExynosCameraSec: [CAM(1)][Front_0]-(handleBayerBuffer[12735]):[F3 FT7 CAM1 B-1 ORBB2]Handling bayer buffer failed. Bayer buffer will be put. isServiceBayer 0, bufDirection 1 pipeId 6 ret -38
01-25 11:06:10.397   957 16048 E ExynosCameraBufferManagerVendor: [CAM(1)][FLITE_BUF]-(getBuffer[317]):m_allocatedBufCount equals zero
01-25 11:06:10.397   957 16048 E ExynosCameraBufferSupplierVendor: [CAM(1)][BufferSupplier]-(getBuffer[185]):[FLITE_BUF][P7 T0 B-1 A0x6e2fe855a8]Failed to getBuffer. ret -38
01-25 11:06:10.397   957 16048 E ExynosCameraMCPipeSec: [CAM(1)][PIPE_3AA]-(m_putBuffer[855]):[F8 FT2][3AA_CAPTURE]Failed to getBuffer from BufferSupplier. ret -38 FrameQ_size (0, 3) size(4)
01-25 11:06:10.446   957 16061 E ExynosCameraSec: [CAM(1)][Front_0]-(handleBayerBuffer[12735]):[F4 FT2 CAM1 B-1 ORBB3]Handling bayer buffer failed. Bayer buffer will be put. isServiceBayer 0, bufDirection 1 pipeId 6 ret -38
01-25 11:06:10.446   957 16048 E ExynosCameraBufferManagerVendor: [CAM(1)][FLITE_BUF]-(getBuffer[317]):m_allocatedBufCount equals zero
01-25 11:06:10.447   957 16048 E ExynosCameraBufferSupplierVendor: [CAM(1)][BufferSupplier]-(getBuffer[185]):[FLITE_BUF][P7 T0 B-1 A0x6e2fe855a8]Failed to getBuffer. ret -38
01-25 11:06:10.447   957 16048 E ExynosCameraMCPipeSec: [CAM(1)][PIPE_3AA]-(m_putBuffer[855]):[F9 FT2][3AA_CAPTURE]Failed to getBuffer from BufferSupplier. ret -38 FrameQ_size (0, 3) size(4)
01-25 11:06:10.496   957 16061 E ExynosCameraSec: [CAM(1)][Front_0]-(handleBayerBuffer[12735]):[F5 FT2 CAM1 B-1 ORBB4]Handling bayer buffer failed. Bayer buffer will be put. isServiceBayer 0, bufDirection 1 pipeId 6 ret -38
01-25 11:06:10.497   957 16048 E ExynosCameraBufferManagerVendor: [CAM(1)][FLITE_BUF]-(getBuffer[317]):m_allocatedBufCount equals zero
01-25 11:06:10.497   957 16048 E ExynosCameraBufferSupplierVendor: [CAM(1)][BufferSupplier]-(getBuffer[185]):[FLITE_BUF][P7 T0 B-1 A0x6e2fe855a8]Failed to getBuffer. ret -38
01-25 11:06:10.497   957 16048 E ExynosCameraMCPipeSec: [CAM(1)][PIPE_3AA]-(m_putBuffer[855]):[F10 FT2][3AA_CAPTURE]Failed to getBuffer from BufferSupplier. ret -38 FrameQ_size (0, 3) size(4)
01-25 11:06:10.502 15315 15990 E SmartScreen_JNI: processImage start : prev time [ 69185 ]
01-25 11:06:10.517 15315 15990 E SmartScreen_JNI: processImage end : function time [ 16056 ] [90] 
01-25 11:06:10.518  1356  3169 E SmartFaceManager: checkForSmartStay onInfo: 100: 1
01-25 11:06:10.542 15315 15990 E SmartScreen_JNI: processImage start : prev time [ 19829 ]
01-25 11:06:10.546   957 16061 E ExynosCameraSec: [CAM(1)][Front_0]-(handleBayerBuffer[12735]):[F6 FT2 CAM1 B-1 ORBB5]Handling bayer buffer failed. Bayer buffer will be put. isServiceBayer 0, bufDirection 1 pipeId 6 ret -38
01-25 11:06:10.547   957 16048 E ExynosCameraBufferManagerVendor: [CAM(1)][FLITE_BUF]-(getBuffer[317]):m_allocatedBufCount equals zero
01-25 11:06:10.547   957 16048 E ExynosCameraBufferSupplierVendor: [CAM(1)][BufferSupplier]-(getBuffer[185]):[FLITE_BUF][P7 T0 B-1 A0x6e2fe855a8]Failed to getBuffer. ret -38
01-25 11:06:10.547   957 16048 E ExynosCameraMCPipeSec: [CAM(1)][PIPE_3AA]-(m_putBuffer[855]):[F11 FT2][3AA_CAPTURE]Failed to getBuffer from BufferSupplier. ret -38 FrameQ_size (0, 3) size(4)
01-25 11:06:10.558 15315 15990 E SmartScreen_JNI: processImage end : function time [ 16073 ] [90] 
01-25 11:06:10.559  1356  3169 E SmartFaceManager: checkForSmartStay onInfo: 100: 1
01-25 11:06:10.564  1132 11028 E Camera2-FrameProcessorBase: removeListener: 
01-25 11:06:10.655   957  1298 E ExynosCameraRequestManagerSec: [CAM(1)][]-(sendNotifyError[1396]):[R2 F6] RESULT ERROR
01-25 11:06:10.655  1132 11028 E CameraDeviceClient: notifyError: pid=15315, errorCode=4, errorStreamId=0, frameNumber=2
01-25 11:06:10.655  1132 11028 E CameraDeviceClient: notifyError: pid=15315, skipClientNotification=false
01-25 11:06:10.656   957  1298 E ExynosCameraRequestManagerSec: [CAM(1)][]-(sendNotifyError[1406]):[R2 F6 S4] BUFFER ERROR
01-25 11:06:10.656  1132 11028 E CameraDeviceClient: notifyError: pid=15315, errorCode=5, errorStreamId=0, frameNumber=2
01-25 11:06:10.656  1132 11028 E CameraDeviceClient: notifyError: pid=15315, skipClientNotification=false
01-25 11:06:10.656  1132 11028 E Camera3-OutputStream: returnBufferCheckedLocked: A frame is dropped for stream 0 frame 2 , due to buffer error.
01-25 11:06:10.657   957  1298 E ExynosCameraRequestManagerSec: [CAM(1)][]-(sendNotifyError[1389]):[R3 F7] REQUEST ERROR
01-25 11:06:10.657  1132 11028 E CameraDeviceClient: notifyError: pid=15315, errorCode=3, errorStreamId=0, frameNumber=3
01-25 11:06:10.658  1132 11028 E CameraDeviceClient: notifyError: pid=15315, skipClientNotification=false
01-25 11:06:10.658   957  1298 E ExynosCameraParametersSec: [CAM(1)][Front_0]-(getSize[9090]):Invalid outputPortId(-1)
01-25 11:06:10.658  1132 11028 E Camera3-OutputStream: returnBufferCheckedLocked: A frame is dropped for stream 0 frame 3 , due to buffer error.
01-25 11:06:10.659   957  1298 E ExynosCameraRequestManagerSec: [CAM(1)][]-(sendNotifyError[1389]):[R4 F8] REQUEST ERROR
01-25 11:06:10.659  1132 11028 E CameraDeviceClient: notifyError: pid=15315, errorCode=3, errorStreamId=0, frameNumber=4
01-25 11:06:10.659  1132 11028 E CameraDeviceClient: notifyError: pid=15315, skipClientNotification=false
01-25 11:06:10.660   957  1298 E ExynosCameraParametersSec: [CAM(1)][Front_0]-(getSize[9090]):Invalid outputPortId(-1)
01-25 11:06:10.660  1132 11028 E Camera3-OutputStream: returnBufferCheckedLocked: A frame is dropped for stream 0 frame 4 , due to buffer error.
01-25 11:06:10.660   957  1298 E ExynosCameraRequestManagerSec: [CAM(1)][]-(sendNotifyError[1389]):[R5 F9] REQUEST ERROR
01-25 11:06:10.661  1132 11028 E CameraDeviceClient: notifyError: pid=15315, errorCode=3, errorStreamId=0, frameNumber=5
01-25 11:06:10.661  1132 11028 E CameraDeviceClient: notifyError: pid=15315, skipClientNotification=false
01-25 11:06:10.661   957  1298 E ExynosCameraParametersSec: [CAM(1)][Front_0]-(getSize[9090]):Invalid outputPortId(-1)
01-25 11:06:10.661  1132 11028 E Camera3-OutputStream: returnBufferCheckedLocked: A frame is dropped for stream 0 frame 5 , due to buffer error.
01-25 11:06:10.662   957  1298 E ExynosCameraRequestManagerSec: [CAM(1)][]-(sendNotifyError[1389]):[R6 F10] REQUEST ERROR
01-25 11:06:10.662  1132 11028 E CameraDeviceClient: notifyError: pid=15315, errorCode=3, errorStreamId=0, frameNumber=6
01-25 11:06:10.662  1132 11028 E CameraDeviceClient: notifyError: pid=15315, skipClientNotification=false
01-25 11:06:10.662   957  1298 E ExynosCameraParametersSec: [CAM(1)][Front_0]-(getSize[9090]):Invalid outputPortId(-1)
01-25 11:06:10.662  1132 11028 E Camera3-OutputStream: returnBufferCheckedLocked: A frame is dropped for stream 0 frame 6 , due to buffer error.
01-25 11:06:10.663   957  1298 E ExynosCameraRequestManagerSec: [CAM(1)][]-(sendNotifyError[1389]):[R7 F11] REQUEST ERROR
01-25 11:06:10.663  1132 11028 E CameraDeviceClient: notifyError: pid=15315, errorCode=3, errorStreamId=0, frameNumber=7
01-25 11:06:10.663  1132 11028 E CameraDeviceClient: notifyError: pid=15315, skipClientNotification=false
01-25 11:06:10.663   957  1298 E ExynosCameraParametersSec: [CAM(1)][Front_0]-(getSize[9090]):Invalid outputPortId(-1)
01-25 11:06:10.663  1132 11028 E Camera3-OutputStream: returnBufferCheckedLocked: A frame is dropped for stream 0 frame 7 , due to buffer error.
01-25 11:06:10.664   957  1298 E ExynosCameraRequestManagerSec: [CAM(1)][]-(sendNotifyError[1389]):[R8 F0] REQUEST ERROR
01-25 11:06:10.664  1132 11028 E CameraDeviceClient: notifyError: pid=15315, errorCode=3, errorStreamId=0, frameNumber=8
01-25 11:06:10.664  1132 11028 E CameraDeviceClient: notifyError: pid=15315, skipClientNotification=false
01-25 11:06:10.664   957  1298 E ExynosCameraParametersSec: [CAM(1)][Front_0]-(getSize[9090]):Invalid outputPortId(-1)
01-25 11:06:10.664   957  1298 E ExynosCameraRequestManager: [CAM(-1)][]-(getAcquireFenceDone[588]):[R8 F0] m_pop failed, handle is not EXIST
01-25 11:06:10.665  1132 11028 E Camera3-OutputStream: returnBufferCheckedLocked: A frame is dropped for stream 0 frame 8 , due to buffer error.
01-25 11:06:10.665   957  1298 E ExynosCameraRequestManagerSec: [CAM(1)][]-(sendNotifyError[1389]):[R9 F0] REQUEST ERROR
01-25 11:06:10.665  1132 11028 E CameraDeviceClient: notifyError: pid=15315, errorCode=3, errorStreamId=0, frameNumber=9
01-25 11:06:10.665  1132 11028 E CameraDeviceClient: notifyError: pid=15315, skipClientNotification=false
01-25 11:06:10.666   957  1298 E ExynosCameraParametersSec: [CAM(1)][Front_0]-(getSize[9090]):Invalid outputPortId(-1)
01-25 11:06:10.666   957  1298 E ExynosCameraRequestManager: [CAM(-1)][]-(getAcquireFenceDone[588]):[R9 F0] m_pop failed, handle is not EXIST
01-25 11:06:10.666  1132 11028 E Camera3-OutputStream: returnBufferCheckedLocked: A frame is dropped for stream 0 frame 9 , due to buffer error.
01-25 11:06:10.697   957  1298 E ExynosCameraNode: [CAM(1)][REPROCESSING_3AA_DRC]-(close[226]):fd(-1) is invalid skip close
01-25 11:06:10.697   957  1298 E ExynosCameraNode: [CAM(1)][REPROCESSING_PROCESSED_RAW]-(close[226]):fd(-1) is invalid skip close
01-25 11:06:10.697   957  1298 E ExynosCameraNode: [CAM(1)][REPROCESSING_3AA_FD]-(close[226]):fd(-1) is invalid skip close
01-25 11:06:10.697   957  1298 E ExynosCameraNode: [CAM(1)][REPROCESSING_3AA_CAPTURE_MAIN]-(close[226]):fd(-1) is invalid skip close
01-25 11:06:10.698   957  1298 E ExynosCameraNode: [CAM(1)][REPROCESSING_3AA_CAPTURE_OPT]-(close[226]):fd(-1) is invalid skip close
01-25 11:06:10.700   957  1298 E ExynosCameraNode: [CAM(1)][REPROCESSING_ISP_NOISE]-(close[226]):fd(-1) is invalid skip close
01-25 11:06:10.700   957  1298 E ExynosCameraNode: [CAM(1)][REPROCESSING_ISP_NRDS]-(close[226]):fd(-1) is invalid skip close
01-25 11:06:10.700   957  1298 E ExynosCameraNode: [CAM(1)][MCFP_DST_IMG_REPROCESSING]-(close[226]):fd(-1) is invalid skip close
01-25 11:06:10.700   957  1298 E ExynosCameraNode: [CAM(1)][REPROCESSING_MCSC_CAPTURE_THUMBNAIL]-(close[226]):fd(-1) is invalid skip close
01-25 11:06:10.700   957  1298 E ExynosCameraNode: [CAM(1)][REPROCESSING_MCSC_CAPTURE_MAIN]-(close[226]):fd(-1) is invalid skip close
01-25 11:06:10.700   957  1298 E ExynosCameraNode: [CAM(1)][REPROCESSING_MCSC_CAPTURE_YUV_0]-(close[226]):fd(-1) is invalid skip close
01-25 11:06:10.700   957  1298 E ExynosCameraNode: [CAM(1)][REPROCESSING_ISP_DRC_GAIN]-(close[226]):fd(-1) is invalid skip close
01-25 11:06:10.700   957  1298 E ExynosCameraNode: [CAM(1)][MCFP_SRC_PREV_IMG_REPROCESSING]-(close[226]):fd(-1) is invalid skip close
01-25 11:06:10.701   957  1298 E ExynosCameraNode: [CAM(1)][REPROCESSING_ISP_SVHIST]-(close[226]):fd(-1) is invalid skip close
01-25 11:06:10.701   957  1298 E ExynosCameraNode: [CAM(1)][ISP_LME_REPROCESSING]-(close[226]):fd(-1) is invalid skip close
01-25 11:06:10.701   957  1298 E ExynosCameraNode: [CAM(1)][REPROCESSING_ISP_DRC_GRID]-(close[226]):fd(-1) is invalid skip close
01-25 11:06:10.702   957  1298 E libcsc  : csc_deinit:: unsupported csc_hw_type
01-25 11:06:10.702   957  1298 E libcsc  : csc_deinit:: unsupported csc_hw_type
01-25 11:06:10.702   957  1298 E libcsc  : csc_deinit:: unsupported csc_hw_type
01-25 11:06:10.703   957  1298 E ExynosCameraNode: [CAM(1)][LME_DST_ME_REPROCESSING]-(close[226]):fd(-1) is invalid skip close
01-25 11:06:10.703   957  1298 E ExynosCameraNode: [CAM(1)][LME_SW_DST_REPROCESSING]-(close[226]):fd(-1) is invalid skip close
01-25 11:06:10.714   957  1298 E ExynosCameraNode: [CAM(1)][3AA_DRC]-(close[226]):fd(-1) is invalid skip close
01-25 11:06:10.714   957  1298 E ExynosCameraNode: [CAM(1)][3AA_ORBC]-(close[226]):fd(-1) is invalid skip close
01-25 11:06:10.714   957  1298 E ExynosCameraNode: [CAM(1)][3AA_FD]-(close[226]):fd(-1) is invalid skip close
01-25 11:06:10.714   957  1298 E ExynosCameraNode: [CAM(1)][3AA_PREVIEW]-(close[226]):fd(-1) is invalid skip close
01-25 11:06:10.714   957  1298 E ExynosCameraNode: [CAM(1)][3AA_CAPTURE]-(close[226]):fd(-1) is invalid skip close
01-25 11:06:10.722   957  1298 E ExynosCameraNode: [CAM(1)][ISP_NOISE]-(close[226]):fd(-1) is invalid skip close
01-25 11:06:10.722   957  1298 E ExynosCameraNode: [CAM(1)][ISP_NRDS]-(close[226]):fd(-1) is invalid skip close
01-25 11:06:10.722   957  1298 E ExynosCameraNode: [CAM(1)][MCSC_RECORDING]-(close[226]):fd(-1) is invalid skip close
01-25 11:06:10.722   957  1298 E ExynosCameraNode: [CAM(1)][MCSC_PREVIEW_CALLBACK]-(close[226]):fd(-1) is invalid skip close
01-25 11:06:10.722   957  1298 E ExynosCameraNode: [CAM(1)][MCSC_PREVIEW]-(close[226]):fd(-1) is invalid skip close
01-25 11:06:10.722   957  1298 E ExynosCameraNode: [CAM(1)][ISP_DRC_GAIN]-(close[226]):fd(-1) is invalid skip close
01-25 11:06:10.722   957  1298 E ExynosCameraNode: [CAM(1)][ISP_SVHIST]-(close[226]):fd(-1) is invalid skip close
01-25 11:06:10.722   957  1298 E ExynosCameraNode: [CAM(1)][ISP_LME]-(close[226]):fd(-1) is invalid skip close
01-25 11:06:10.722   957  1298 E ExynosCameraNode: [CAM(1)][ISP_DRC_GRID]-(close[226]):fd(-1) is invalid skip close
01-25 11:06:10.724   957  1298 E libcsc  : csc_deinit:: unsupported csc_hw_type
01-25 11:06:10.724   957  1298 E libcsc  : csc_deinit:: unsupported csc_hw_type
01-25 11:06:10.724   957  1298 E libcsc  : csc_deinit:: unsupported csc_hw_type
01-25 11:06:10.727   957  1298 E ExynosCameraNode: [CAM(1)][LME_DST]-(close[226]):fd(-1) is invalid skip close
01-25 11:06:10.727   957  1298 E ExynosCameraNode: [CAM(1)][LME_SW_DST]-(close[226]):fd(-1) is invalid skip close
01-25 11:06:10.764  1132 11028 E cameraserver: isBiometricsFaceService : face AIDL HAL Pid(934) is not same with callingPid(15315)
01-25 11:06:10.772  1356  1716 E SmartFaceManager/ServiceManagerGlobal: unbind from smart face service, connection count = 2 -> 1
01-25 11:06:10.772  1356  1716 E SmartFaceManager/ServiceManagerGlobal: unbind from smart face service, connection count = 1 -> 0
01-25 11:06:10.774 15315 15315 E SmartFaceServiceStarter: onDestroy
01-25 11:06:10.774  1356  1716 E SmartFaceManager: checkForSmartStay X: true
01-25 11:06:11.101  1017  1032 E HeatmapThread: ECT Thread time in milliseconds: 1769319371
01-25 11:06:11.102  1017  1032 E HeatmapThread: !@Could not open '/efs/FactoryApp/bsoh', errno = 13
01-25 11:06:11.102  1017  1032 E HeatmapThread: !@ CAM Could not access BSOH EFS
01-25 11:06:11.102  1017  1032 E HeatmapThread: !@ CAM New BSOH: 0
01-25 11:06:12.101  1017  1032 E HeatmapThread: ECT Thread time in milliseconds: 1769319372
01-25 11:06:12.102  1017  1032 E HeatmapThread: !@Could not open '/efs/FactoryApp/bsoh', errno = 13
01-25 11:06:12.102  1017  1032 E HeatmapThread: !@ CAM Could not access BSOH EFS
01-25 11:06:12.102  1017  1032 E HeatmapThread: !@ CAM New BSOH: 0
01-25 11:06:13.101  1017  1032 E HeatmapThread: ECT Thread time in milliseconds: 1769319373
01-25 11:06:13.102  1017  1032 E HeatmapThread: !@Could not open '/efs/FactoryApp/bsoh', errno = 13
01-25 11:06:13.102  1017  1032 E HeatmapThread: !@ CAM Could not access BSOH EFS
01-25 11:06:13.102  1017  1032 E HeatmapThread: !@ CAM New BSOH: 0
01-25 11:06:14.101  1017  1032 E HeatmapThread: ECT Thread time in milliseconds: 1769319374
01-25 11:06:14.102  1017  1032 E HeatmapThread: !@Could not open '/efs/FactoryApp/bsoh', errno = 13
01-25 11:06:14.102  1017  1032 E HeatmapThread: !@ CAM Could not access BSOH EFS
01-25 11:06:14.102  1017  1032 E HeatmapThread: !@ CAM New BSOH: 0
01-25 11:06:15.101  1017  1032 E HeatmapThread: ECT Thread time in milliseconds: 1769319375
01-25 11:06:15.102  1017  1032 E HeatmapThread: !@Could not open '/efs/FactoryApp/bsoh', errno = 13
01-25 11:06:15.102  1017  1032 E HeatmapThread: !@ CAM Could not access BSOH EFS
01-25 11:06:15.102  1017  1032 E HeatmapThread: !@ CAM New BSOH: 0
01-25 11:06:16.101  1017  1032 E HeatmapThread: ECT Thread time in milliseconds: 1769319376
01-25 11:06:16.102  1017  1032 E HeatmapThread: !@Could not open '/efs/FactoryApp/bsoh', errno = 13
01-25 11:06:16.102  1017  1032 E HeatmapThread: !@ CAM Could not access BSOH EFS
01-25 11:06:16.102  1017  1032 E HeatmapThread: !@ CAM New BSOH: 0
01-25 11:06:17.101  1017  1032 E HeatmapThread: ECT Thread time in milliseconds: 1769319377
01-25 11:06:17.102  1017  1032 E HeatmapThread: !@Could not open '/efs/FactoryApp/bsoh', errno = 13
01-25 11:06:17.102  1017  1032 E HeatmapThread: !@ CAM Could not access BSOH EFS
01-25 11:06:17.102  1017  1032 E HeatmapThread: !@ CAM New BSOH: 0
01-25 11:06:18.101  1017  1032 E HeatmapThread: ECT Thread time in milliseconds: 1769319378
01-25 11:06:18.102  1017  1032 E HeatmapThread: !@Could not open '/efs/FactoryApp/bsoh', errno = 13
01-25 11:06:18.102  1017  1032 E HeatmapThread: !@ CAM Could not access BSOH EFS
01-25 11:06:18.102  1017  1032 E HeatmapThread: !@ CAM New BSOH: 0
01-25 11:06:19.101  1017  1032 E HeatmapThread: ECT Thread time in milliseconds: 1769319379
01-25 11:06:19.102  1017  1032 E HeatmapThread: !@Could not open '/efs/FactoryApp/bsoh', errno = 13
01-25 11:06:19.102  1017  1032 E HeatmapThread: !@ CAM Could not access BSOH EFS
01-25 11:06:19.102  1017  1032 E HeatmapThread: !@ CAM New BSOH: 0
01-25 11:06:19.448  1028  1028 E SurfaceFlinger: alpha changed 1.000 -> 0.000 - Surface(name=5a560da com.elvan.rmdneram/com.elvan.rmdneram.MainActivity)/@0xfca839 - animation-leash of window_animation#217477
01-25 11:06:19.448  1028  1028 E SurfaceFlinger: alpha changed 0.000 -> 0.000 - Surface(name=5a560da com.elvan.rmdneram/com.elvan.rmdneram.MainActivity)/@0xfca839 - animation-leash of window_animation#217477
01-25 11:06:19.448  1028  1028 E SurfaceFlinger: alpha changed 1.000 -> 0.000 - Dim Layer for - Task=2310#217478
01-25 11:06:19.464  1028  1028 E SurfaceFlinger: alpha changed 0.000 -> 0.071 - Surface(name=5a560da com.elvan.rmdneram/com.elvan.rmdneram.MainActivity)/@0xfca839 - animation-leash of window_animation#217477
01-25 11:06:19.481  1028  1028 E SurfaceFlinger: alpha changed 0.000 -> 0.046 - Dim Layer for - Task=2310#217478
01-25 11:06:19.514  1028  1028 E SurfaceFlinger: alpha changed 1.000 -> 0.000 - Surface(name=883574c InputMethod)/@0xa569caa - animation-leash of insets_animation#217479
01-25 11:06:20.100  1017  1032 E HeatmapThread: ECT Thread time in milliseconds: 1769319380
01-25 11:06:20.101  1017  1032 E HeatmapThread: !@Could not open '/efs/FactoryApp/bsoh', errno = 13
01-25 11:06:20.101  1017  1032 E HeatmapThread: !@ CAM Could not access BSOH EFS
01-25 11:06:20.101  1017  1032 E HeatmapThread: !@ CAM New BSOH: 0
--------- beginning of system
01-25 11:06:20.150  1356  1392 E WindowManager: win=Window{5a560da u0 com.elvan.rmdneram/com.elvan.rmdneram.MainActivity EXITING} destroySurfaces: appStopped=false cleanupOnResume=false win.mWindowRemovalAllowed=true win.mRemoveOnExit=true win.mViewVisibility=0 caller=com.android.server.wm.WindowState.onExitAnimationDone:224 com.android.server.wm.WindowState.onAnimationFinished:161 com.android.server.wm.WindowContainer$$ExternalSyntheticLambda8.onAnimationFinished:3 com.android.server.wm.SurfaceAnimator$$ExternalSyntheticLambda0.onAnimationFinished:69 com.android.server.wm.LocalAnimationAdapter$$ExternalSyntheticLambda0.run:10 android.os.Handler.handleCallback:995 android.os.Handler.dispatchMessage:103 
01-25 11:06:20.165  1028  1028 E SurfaceFlinger: alpha changed 0.146 -> 0.000 - Surface(name=5a560da com.elvan.rmdneram/com.elvan.rmdneram.MainActivity)/@0xfca839 - animation-leash of window_animation#217480
01-25 11:06:20.182  1028  1028 E SurfaceFlinger: alpha changed 0.064 -> 0.000 - Dim Layer for - Task=2310#217478
01-25 11:06:20.182  1028  1028 E SurfaceFlinger: alpha changed 1.000 -> 0.000 - Surface(name=883574c InputMethod)/@0xa569caa - animation-leash of insets_animation#217483
01-25 11:06:20.266  1028  1028 E SurfaceFlinger: alpha changed 1.000 -> 0.000 - Surface(name=883574c InputMethod)/@0xa569caa - animation-leash of insets_animation#217484
01-25 11:06:21.101  1017  1032 E HeatmapThread: ECT Thread time in milliseconds: 1769319381
01-25 11:06:21.102  1017  1032 E HeatmapThread: !@Could not open '/efs/FactoryApp/bsoh', errno = 13
01-25 11:06:21.102  1017  1032 E HeatmapThread: !@ CAM Could not access BSOH EFS
01-25 11:06:21.102  1017  1032 E HeatmapThread: !@ CAM New BSOH: 0
--------- beginning of crash
01-25 11:06:21.227 15774 15774 E AndroidRuntime: FATAL EXCEPTION: main
01-25 11:06:21.227 15774 15774 E AndroidRuntime: Process: com.elvan.rmdneram, PID: 15774
01-25 11:06:21.227 15774 15774 E AndroidRuntime: com.google.firebase.database.DatabaseException: Failed to convert value of type java.lang.Long to String
01-25 11:06:21.227 15774 15774 E AndroidRuntime: 	at com.google.firebase.database.core.utilities.encoding.CustomClassMapper.convertString(CustomClassMapper.java:426)
01-25 11:06:21.227 15774 15774 E AndroidRuntime: 	at com.google.firebase.database.core.utilities.encoding.CustomClassMapper.deserializeToClass(CustomClassMapper.java:217)
01-25 11:06:21.227 15774 15774 E AndroidRuntime: 	at com.google.firebase.database.core.utilities.encoding.CustomClassMapper.convertToCustomClass(CustomClassMapper.java:80)
01-25 11:06:21.227 15774 15774 E AndroidRuntime: 	at com.google.firebase.database.DataSnapshot.getValue(DataSnapshot.java:202)
01-25 11:06:21.227 15774 15774 E AndroidRuntime: 	at com.elvan.rmdneram.ui.profile.ProfileScreenKt$ProfileScreen$3$1$1$1.onDataChange(ProfileScreen.kt:112)
01-25 11:06:21.227 15774 15774 E AndroidRuntime: 	at com.google.firebase.database.core.ValueEventRegistration.fireEvent(ValueEventRegistration.java:75)
01-25 11:06:21.227 15774 15774 E AndroidRuntime: 	at com.google.firebase.database.core.view.DataEvent.fire(DataEvent.java:63)
01-25 11:06:21.227 15774 15774 E AndroidRuntime: 	at com.google.firebase.database.core.view.EventRaiser$1.run(EventRaiser.java:55)
01-25 11:06:21.227 15774 15774 E AndroidRuntime: 	at android.os.Handler.handleCallback(Handler.java:995)
01-25 11:06:21.227 15774 15774 E AndroidRuntime: 	at android.os.Handler.dispatchMessage(Handler.java:103)
01-25 11:06:21.227 15774 15774 E AndroidRuntime: 	at android.os.Looper.loopOnce(Looper.java:273)
01-25 11:06:21.227 15774 15774 E AndroidRuntime: 	at android.os.Looper.loop(Looper.java:363)
01-25 11:06:21.227 15774 15774 E AndroidRuntime: 	at android.app.ActivityThread.main(ActivityThread.java:10060)
01-25 11:06:21.227 15774 15774 E AndroidRuntime: 	at java.lang.reflect.Method.invoke(Native Method)
01-25 11:06:21.227 15774 15774 E AndroidRuntime: 	at com.android.internal.os.RuntimeInit$MethodAndArgsCaller.run(RuntimeInit.java:632)
01-25 11:06:21.227 15774 15774 E AndroidRuntime: 	at com.android.internal.os.ZygoteInit.main(ZygoteInit.java:975)
01-25 11:06:21.359  1356  3917 E PackageManager: replace res.nonLocalizedLabel(null) to newName(மறுறை) and activity.getPackageName() () UId(1000)
01-25 11:06:21.418  1028  1028 E SurfaceFlinger: alpha changed 1.000 -> 0.000 - Surface(name=Task=1)/@0x27a5afa_transition-leash#217489
01-25 11:06:21.434 16099 16099 E om.whatsapp.w4b: Not starting debugger since process cannot load the jdwp agent.
01-25 11:06:21.435  1028  1028 E SurfaceFlinger: alpha changed 0.000 -> 1.000 - Surface(name=Task=1)/@0x27a5afa_transition-leash#217489
01-25 11:06:21.440 16100 16100 E ung.android.scs: Not starting debugger since process cannot load the jdwp agent.
01-25 11:06:21.502  1028  1028 E SurfaceFlinger: alpha changed 1.000 -> 0.000 - Surface(name=883574c InputMethod)/@0xa569caa - animation-leash of insets_animation#217492
01-25 11:06:21.549 16100 16100 E ashmem  : Pinning is deprecated since Android Q. Please use trim or other methods.
01-25 11:06:21.701 16099 16152 E ashmem  : Pinning is deprecated since Android Q. Please use trim or other methods.
01-25 11:06:21.901  1356  1394 E Watchdog: !@Sync: 17741 heap(MB): 209 / 238 FD: 1310 [2026-01-25 11:06:21.901]
01-25 11:06:22.100  1017  1032 E HeatmapThread: ECT Thread time in milliseconds: 1769319382
01-25 11:06:22.100  1017  1032 E HeatmapThread: !@Could not open '/efs/FactoryApp/bsoh', errno = 13
01-25 11:06:22.100  1017  1032 E HeatmapThread: !@ CAM Could not access BSOH EFS
01-25 11:06:22.100  1017  1032 E HeatmapThread: !@ CAM New BSOH: 0
01-25 11:06:22.103  1028  1028 E SurfaceFlinger: alpha changed 0.000 -> 0.000 - Surface(name=Task=2310)/@0x8f9cb08_transition-leash#217490
01-25 11:06:22.142  1028  1028 E BpTransactionCompletedListener: Failed to transact (-32)
01-25 11:06:22.297 16099 16183 E msys    : E[N WCIHTTPImplNetworkSession]WCIHTTPTaskImplCreateRegular(556)=>[I] http/task/regular/create/start
01-25 11:06:22.297 16099 16183 E msys    : E[N WCIHTTPImplNetworkSession]WCIHTTPTaskImplCreateRegular(591)=>[I] http/task/regular/create/execute
01-25 11:06:22.297 16099 16183 E msys    : E[N WCIHTTPImplNetworkSession]WCIHTTPTaskImplCreateRegular(614)=>[I] http/task/regular/create/success
01-25 11:06:22.329 16099 16188 E om.whatsapp.w4b: hiddenapi: Accessing hidden method Lcom/android/org/conscrypt/OpenSSLSocketImpl;->setUseSessionTickets(Z)V (runtime_flags=CorePlatformApi, domain=core-platform, api=max-target-q,core-platform-api) from LX/GwF; (domain=app) using reflection: denied
01-25 11:06:22.329 16099 16188 E om.whatsapp.w4b: hiddenapi: Accessing hidden method Lcom/android/org/conscrypt/AbstractConscryptSocket;->setUseSessionTickets(Z)V (runtime_flags=0, domain=core-platform, api=max-target-q) from LX/GwF; (domain=app) using reflection: denied
01-25 11:06:22.414  2961 16197 E pageboostd: alp start : app comelvanrmdneram
01-25 11:06:22.422  2961 16197 E pageboostd: comelvanrmdneram, amt 1187840 scnt 1 fcnt 0
01-25 11:06:22.423  2961 16197 E pageboostd: comelvanrmdneram, amt 2834432 scnt 17 fcnt 19
01-25 11:06:22.423  2961 16197 E pageboostd: alp end : app comelvanrmdneram data_amount 4022272
01-25 11:06:22.494 16099 16209 E msys    : E[N mns]_OnDiskCacheGetData(632)=>Start post callback cache refresh DNS resolution
01-25 11:06:22.497 16099 16185 E msys    : E[N data-request]_HandleDataResponse(1984)=>Data request error for task 41D71B62-59AD-4D56-8D1E-2A06DACE23FB (response type 1): javax.net.ssl.SSLHandshakeException: Certificate expired at Fri Jan 23 05:29:59 GMT+05:30 2026 (compared to Sun Jan 25 11:06:22 GMT+05:30 2026)
01-25 11:06:22.498 16099 16183 E msys    : E[N WCIHTTPImplNetworkSession]WCIHTTPTaskImplCreateRegular(556)=>[I] http/task/regular/create/start
01-25 11:06:22.498 16099 16183 E msys    : E[N WCIHTTPImplNetworkSession]WCIHTTPTaskImplCreateRegular(591)=>[I] http/task/regular/create/execute
01-25 11:06:22.499 16099 16183 E msys    : E[N WCIHTTPImplNetworkSession]WCIHTTPTaskImplCreateRegular(614)=>[I] http/task/regular/create/success
01-25 11:06:22.513  2961  2961 E pageboostd: Received HALT command code 2
01-25 11:06:22.518  2961  2961 E pageboostd: Received HALT command code 2
01-25 11:06:22.604  1028  1028 E SurfaceFlinger: alpha changed 1.000 -> 0.000 - Surface(name=Task=2311)/@0x733eb8c_transition-leash#217501
01-25 11:06:22.630 16099 16185 E msys    : E[N data-request]_HandleDataResponse(1984)=>Data request error for task 48C6AABD-5C35-4860-8EC1-9B88057E85AA (response type 1): javax.net.ssl.SSLHandshakeException: Certificate expired at Fri Jan 23 05:29:59 GMT+05:30 2026 (compared to Sun Jan 25 11:06:22 GMT+05:30 2026)
01-25 11:06:22.633 16099 16183 E msys    : E[N WCIHTTPImplNetworkSession]WCIHTTPTaskImplCreateRegular(556)=>[I] http/task/regular/create/start
01-25 11:06:22.633 16099 16183 E msys    : E[N WCIHTTPImplNetworkSession]WCIHTTPTaskImplCreateRegular(591)=>[I] http/task/regular/create/execute
01-25 11:06:22.633 16099 16183 E msys    : E[N WCIHTTPImplNetworkSession]WCIHTTPTaskImplCreateRegular(614)=>[I] http/task/regular/create/success
01-25 11:06:22.670  1028  1028 E SurfaceFlinger: alpha changed 0.000 -> 0.904 - Surface(name=Task=2311)/@0x733eb8c_transition-leash#217501
01-25 11:06:22.760 16099 16209 E msys    : E[N mns]_OnSystemDNSSuccessCallback(340)=>Cache refresh succeeded with system DNS resolver. IP count: 2
01-25 11:06:22.931 16099 16185 E msys    : E[N data-request]_HandleDataResponse(1984)=>Data request error for task 7B6FFC9F-13EC-4D1D-9F9E-1586EAD0001A (response type 1): javax.net.ssl.SSLHandshakeException: Certificate expired at Fri Jan 23 05:29:59 GMT+05:30 2026 (compared to Sun Jan 25 11:06:22 GMT+05:30 2026)
01-25 11:06:22.932 16099 16183 E msys    : E[I wam]_WAMTransportPrivateLogUploadMessageWithDefaultLevel(55)=>privatestats/wameta/transport/buffer/send response failed, no more endpoints
01-25 11:06:23.100  1017  1032 E HeatmapThread: ECT Thread time in milliseconds: 1769319383
01-25 11:06:23.100  1017  1032 E HeatmapThread: !@Could not open '/efs/FactoryApp/bsoh', errno = 13
01-25 11:06:23.100  1017  1032 E HeatmapThread: !@ CAM Could not access BSOH EFS
01-25 11:06:23.101  1017  1032 E HeatmapThread: !@ CAM New BSOH: 0
01-25 11:06:23.239  1356  3923 E PackageManager: replace res.nonLocalizedLabel(null) to newName(மறுறை) and activity.getPackageName() () UId(1000)
01-25 11:06:23.300 16198 16198 E ashmem  : Pinning is deprecated since Android Q. Please use trim or other methods.
01-25 11:06:23.609   612   618 E lowmemorykiller: process_mrelease 15513 failed: No such process
01-25 11:06:23.704   612   618 E lowmemorykiller: process_mrelease 15554 failed: No such process
01-25 11:06:23.734 16198 16286 E .elvan.rmdneram: No package ID 6a found for resource ID 0x6a0b0013.
01-25 11:06:24.100  1017  1032 E HeatmapThread: ECT Thread time in milliseconds: 1769319384
01-25 11:06:24.101  1017  1032 E HeatmapThread: !@Could not open '/efs/FactoryApp/bsoh', errno = 13
01-25 11:06:24.101  1017  1032 E HeatmapThread: !@ CAM Could not access BSOH EFS
01-25 11:06:24.101  1017  1032 E HeatmapThread: !@ CAM New BSOH: 0
01-25 11:06:24.472  2961  2961 E pageboostd: Received HALT command code 2
01-25 11:06:24.560  1356  1377 E WindowManager: win=Window{f4d93f3 u0 com.sec.android.app.launcher/com.sec.android.app.launcher.activities.LauncherActivity} destroySurfaces: appStopped=true cleanupOnResume=false win.mWindowRemovalAllowed=false win.mRemoveOnExit=false win.mViewVisibility=8 caller=com.android.server.wm.ActivityRecord.destroySurfaces:25 com.android.server.wm.ActivityRecord.activityStopped:192 com.android.server.wm.ActivityClientController.activityStopped:97 android.app.IActivityClientController$Stub.onTransact:740 com.android.server.wm.ActivityClientController.onTransact:1 android.os.Binder.execTransactInternal:1462 android.os.Binder.execTransact:1401 
01-25 11:06:24.708  1028  1028 E SurfaceFlinger: alpha changed 1.000 -> 0.000 - Surface(name=883574c InputMethod)/@0xa569caa - animation-leash of insets_animation#217509
01-25 11:06:24.791  6805 16334 E AtomicFile: Failed to rename /data/user_de/0/com.samsung.android.honeyboard/files/selected.json.new to /data/user_de/0/com.samsung.android.honeyboard/files/selected.json
01-25 11:06:24.793  6805 16341 E AtomicFile: Failed to rename /data/user_de/0/com.samsung.android.honeyboard/files/selected.json.new to /data/user_de/0/com.samsung.android.honeyboard/files/selected.json
01-25 11:06:24.794  6805 16337 E AtomicFile: Failed to rename /data/user_de/0/com.samsung.android.honeyboard/files/selected.json.new to /data/user_de/0/com.samsung.android.honeyboard/files/selected.json
01-25 11:06:24.905 16099 16209 E msys    : E[N mns]_OnDiskCacheGetData(632)=>Start post callback cache refresh DNS resolution
01-25 11:06:25.078 16099 16209 E msys    : E[N mns]_OnSystemDNSSuccessCallback(340)=>Cache refresh succeeded with system DNS resolver. IP count: 8
01-25 11:06:25.101  1017  1032 E HeatmapThread: ECT Thread time in milliseconds: 1769319385
01-25 11:06:25.101  1017  1032 E HeatmapThread: !@Could not open '/efs/FactoryApp/bsoh', errno = 13
01-25 11:06:25.101  1017  1032 E HeatmapThread: !@ CAM Could not access BSOH EFS
01-25 11:06:25.101  1017  1032 E HeatmapThread: !@ CAM New BSOH: 0
01-25 11:06:25.159  1028  1028 E SurfaceFlinger: alpha changed 1.000 -> 0.000 - Surface(name=7757cfc com.elvan.rmdneram/com.elvan.rmdneram.MainActivity)/@0xb8dbb83 - animation-leash of window_animation#217514
01-25 11:06:25.159  1028  1028 E SurfaceFlinger: alpha changed 0.000 -> 0.000 - Surface(name=7757cfc com.elvan.rmdneram/com.elvan.rmdneram.MainActivity)/@0xb8dbb83 - animation-leash of window_animation#217514
01-25 11:06:25.159  1028  1028 E SurfaceFlinger: alpha changed 1.000 -> 0.000 - Dim Layer for - Task=2311#217515
01-25 11:06:25.175  1028  1028 E SurfaceFlinger: alpha changed 0.000 -> 0.083 - Surface(name=7757cfc com.elvan.rmdneram/com.elvan.rmdneram.MainActivity)/@0xb8dbb83 - animation-leash of window_animation#217514
01-25 11:06:25.192  1028  1028 E SurfaceFlinger: alpha changed 0.000 -> 0.044 - Dim Layer for - Task=2311#217515
01-25 11:06:25.226  1028  1028 E SurfaceFlinger: alpha changed 1.000 -> 0.000 - Surface(name=883574c InputMethod)/@0xa569caa - animation-leash of insets_animation#217516
01-25 11:06:25.912  1356  1392 E WindowManager: win=Window{7757cfc u0 com.elvan.rmdneram/com.elvan.rmdneram.MainActivity EXITING} destroySurfaces: appStopped=false cleanupOnResume=false win.mWindowRemovalAllowed=true win.mRemoveOnExit=true win.mViewVisibility=0 caller=com.android.server.wm.WindowState.onExitAnimationDone:224 com.android.server.wm.WindowState.onAnimationFinished:161 com.android.server.wm.WindowContainer$$ExternalSyntheticLambda8.onAnimationFinished:3 com.android.server.wm.SurfaceAnimator$$ExternalSyntheticLambda0.onAnimationFinished:69 com.android.server.wm.LocalAnimationAdapter$$ExternalSyntheticLambda0.run:10 android.os.Handler.handleCallback:995 android.os.Handler.dispatchMessage:103 
01-25 11:06:25.927  1028  1028 E SurfaceFlinger: alpha changed 0.146 -> 0.000 - Surface(name=7757cfc com.elvan.rmdneram/com.elvan.rmdneram.MainActivity)/@0xb8dbb83 - animation-leash of window_animation#217517
01-25 11:06:25.944  1028  1028 E SurfaceFlinger: alpha changed 0.068 -> 0.000 - Dim Layer for - Task=2311#217515
01-25 11:06:25.944  1028  1028 E SurfaceFlinger: alpha changed 1.000 -> 0.000 - Surface(name=883574c InputMethod)/@0xa569caa - animation-leash of insets_animation#217520
01-25 11:06:26.044  1028  1028 E SurfaceFlinger: alpha changed 1.000 -> 0.000 - Surface(name=883574c InputMethod)/@0xa569caa - animation-leash of insets_animation#217521
01-25 11:06:26.100  1017  1032 E HeatmapThread: ECT Thread time in milliseconds: 1769319386
01-25 11:06:26.101  1017  1032 E HeatmapThread: !@Could not open '/efs/FactoryApp/bsoh', errno = 13
01-25 11:06:26.101  1017  1032 E HeatmapThread: !@ CAM Could not access BSOH EFS
01-25 11:06:26.101  1017  1032 E HeatmapThread: !@ CAM New BSOH: 0
01-25 11:06:26.118  1356  4221 E TaskPersister: File error accessing recents directory (directory doesn't exist?).
01-25 11:06:26.119  1356  4221 E TaskPersister: File error accessing recents directory (directory doesn't exist?).
01-25 11:06:26.119  1356  4221 E TaskPersister: File error accessing recents directory (directory doesn't exist?).
01-25 11:06:26.119  1356  4221 E TaskPersister: File error accessing recents directory (directory doesn't exist?).
01-25 11:06:26.919 16198 16198 E AndroidRuntime: FATAL EXCEPTION: main
01-25 11:06:26.919 16198 16198 E AndroidRuntime: Process: com.elvan.rmdneram, PID: 16198
01-25 11:06:26.919 16198 16198 E AndroidRuntime: com.google.firebase.database.DatabaseException: Failed to convert value of type java.lang.Long to String
01-25 11:06:26.919 16198 16198 E AndroidRuntime: 	at com.google.firebase.database.core.utilities.encoding.CustomClassMapper.convertString(CustomClassMapper.java:426)
01-25 11:06:26.919 16198 16198 E AndroidRuntime: 	at com.google.firebase.database.core.utilities.encoding.CustomClassMapper.deserializeToClass(CustomClassMapper.java:217)
01-25 11:06:26.919 16198 16198 E AndroidRuntime: 	at com.google.firebase.database.core.utilities.encoding.CustomClassMapper.convertToCustomClass(CustomClassMapper.java:80)
01-25 11:06:26.919 16198 16198 E AndroidRuntime: 	at com.google.firebase.database.DataSnapshot.getValue(DataSnapshot.java:202)
01-25 11:06:26.919 16198 16198 E AndroidRuntime: 	at com.elvan.rmdneram.ui.profile.ProfileScreenKt$ProfileScreen$3$1$1$1.onDataChange(ProfileScreen.kt:112)
01-25 11:06:26.919 16198 16198 E AndroidRuntime: 	at com.google.firebase.database.core.ValueEventRegistration.fireEvent(ValueEventRegistration.java:75)
01-25 11:06:26.919 16198 16198 E AndroidRuntime: 	at com.google.firebase.database.core.view.DataEvent.fire(DataEvent.java:63)
01-25 11:06:26.919 16198 16198 E AndroidRuntime: 	at com.google.firebase.database.core.view.EventRaiser$1.run(EventRaiser.java:55)
01-25 11:06:26.919 16198 16198 E AndroidRuntime: 	at android.os.Handler.handleCallback(Handler.java:995)
01-25 11:06:26.919 16198 16198 E AndroidRuntime: 	at android.os.Handler.dispatchMessage(Handler.java:103)
01-25 11:06:26.919 16198 16198 E AndroidRuntime: 	at android.os.Looper.loopOnce(Looper.java:273)
01-25 11:06:26.919 16198 16198 E AndroidRuntime: 	at android.os.Looper.loop(Looper.java:363)
01-25 11:06:26.919 16198 16198 E AndroidRuntime: 	at android.app.ActivityThread.main(ActivityThread.java:10060)
01-25 11:06:26.919 16198 16198 E AndroidRuntime: 	at java.lang.reflect.Method.invoke(Native Method)
01-25 11:06:26.919 16198 16198 E AndroidRuntime: 	at com.android.internal.os.RuntimeInit$MethodAndArgsCaller.run(RuntimeInit.java:632)
01-25 11:06:26.919 16198 16198 E AndroidRuntime: 	at com.android.internal.os.ZygoteInit.main(ZygoteInit.java:975)
